Component: ARM Compiler 5.05 update 1 (build 106) Tool: armlink [4d0efa]

==============================================================================

Section Cross References

    startup_stm32l152xc.o(RESET) refers to startup_stm32l152xc.o(STACK) for __initial_sp
    startup_stm32l152xc.o(RESET) refers to startup_stm32l152xc.o(.text) for Reset_Handler
    startup_stm32l152xc.o(RESET) refers to stm32l1xx_it.o(i.SysTick_Handler) for SysTick_Handler
    startup_stm32l152xc.o(RESET) refers to stm32l1xx_it.o(i.RTC_WKUP_IRQHandler) for RTC_WKUP_IRQHandler
    startup_stm32l152xc.o(RESET) refers to stm32l1xx_it.o(i.DMA1_Channel1_IRQHandler) for DMA1_Channel1_IRQHandler
    startup_stm32l152xc.o(RESET) refers to stm32l1xx_it.o(i.DMA1_Channel2_IRQHandler) for DMA1_Channel2_IRQHandler
    startup_stm32l152xc.o(RESET) refers to stm32l1xx_it.o(i.DMA1_Channel3_IRQHandler) for DMA1_Channel3_IRQHandler
    startup_stm32l152xc.o(RESET) refers to stm32l1xx_it.o(i.DMA1_Channel4_IRQHandler) for DMA1_Channel4_IRQHandler
    startup_stm32l152xc.o(RESET) refers to stm32l1xx_it.o(i.DMA1_Channel5_IRQHandler) for DMA1_Channel5_IRQHandler
    startup_stm32l152xc.o(RESET) refers to stm32l1xx_it.o(i.DMA1_Channel6_IRQHandler) for DMA1_Channel6_IRQHandler
    startup_stm32l152xc.o(RESET) refers to stm32l1xx_it.o(i.DMA1_Channel7_IRQHandler) for DMA1_Channel7_IRQHandler
    startup_stm32l152xc.o(RESET) refers to stm32l1xx_it.o(i.TIM3_IRQHandler) for TIM3_IRQHandler
    startup_stm32l152xc.o(RESET) refers to stm32l1xx_it.o(i.USART1_IRQHandler) for USART1_IRQHandler
    startup_stm32l152xc.o(RESET) refers to stm32l1xx_it.o(i.USART2_IRQHandler) for USART2_IRQHandler
    startup_stm32l152xc.o(RESET) refers to stm32l1xx_it.o(i.USART3_IRQHandler) for USART3_IRQHandler
    startup_stm32l152xc.o(.text) refers to system_stm32l1xx.o(i.SystemInit) for SystemInit
    startup_stm32l152xc.o(.text) refers to entry.o(.ARM.Collect$$$$00000000) for __main
    stm32l1xx_hal_pwr.o(i.HAL_PWR_PVD_IRQHandler) refers to stm32l1xx_hal_pwr.o(i.HAL_PWR_PVDCallback) for HAL_PWR_PVDCallback
    stm32l1xx_hal_dma.o(i.HAL_DMA_PollForTransfer) refers to stm32l1xx_hal.o(i.HAL_GetTick) for HAL_GetTick
    stm32l1xx_hal_dma.o(i.HAL_DMA_Start) refers to stm32l1xx_hal_dma.o(i.DMA_SetConfig) for DMA_SetConfig
    stm32l1xx_hal_dma.o(i.HAL_DMA_Start_IT) refers to stm32l1xx_hal_dma.o(i.DMA_SetConfig) for DMA_SetConfig
    stm32l1xx_hal_rtc_ex.o(i.HAL_RTCEx_DeactivateCoarseCalib) refers to stm32l1xx_hal_rtc.o(i.RTC_EnterInitMode) for RTC_EnterInitMode
    stm32l1xx_hal_rtc_ex.o(i.HAL_RTCEx_DeactivateRefClock) refers to stm32l1xx_hal_rtc.o(i.RTC_EnterInitMode) for RTC_EnterInitMode
    stm32l1xx_hal_rtc_ex.o(i.HAL_RTCEx_DeactivateWakeUpTimer) refers to stm32l1xx_hal.o(i.HAL_GetTick) for HAL_GetTick
    stm32l1xx_hal_rtc_ex.o(i.HAL_RTCEx_GetTimeStamp) refers to stm32l1xx_hal_rtc.o(i.RTC_Bcd2ToByte) for RTC_Bcd2ToByte
    stm32l1xx_hal_rtc_ex.o(i.HAL_RTCEx_PollForAlarmBEvent) refers to stm32l1xx_hal.o(i.HAL_GetTick) for HAL_GetTick
    stm32l1xx_hal_rtc_ex.o(i.HAL_RTCEx_PollForTamper1Event) refers to stm32l1xx_hal.o(i.HAL_GetTick) for HAL_GetTick
    stm32l1xx_hal_rtc_ex.o(i.HAL_RTCEx_PollForTamper2Event) refers to stm32l1xx_hal.o(i.HAL_GetTick) for HAL_GetTick
    stm32l1xx_hal_rtc_ex.o(i.HAL_RTCEx_PollForTamper3Event) refers to stm32l1xx_hal.o(i.HAL_GetTick) for HAL_GetTick
    stm32l1xx_hal_rtc_ex.o(i.HAL_RTCEx_PollForTimeStampEvent) refers to stm32l1xx_hal.o(i.HAL_GetTick) for HAL_GetTick
    stm32l1xx_hal_rtc_ex.o(i.HAL_RTCEx_PollForWakeUpTimerEvent) refers to stm32l1xx_hal.o(i.HAL_GetTick) for HAL_GetTick
    stm32l1xx_hal_rtc_ex.o(i.HAL_RTCEx_SetCoarseCalib) refers to stm32l1xx_hal_rtc.o(i.RTC_EnterInitMode) for RTC_EnterInitMode
    stm32l1xx_hal_rtc_ex.o(i.HAL_RTCEx_SetRefClock) refers to stm32l1xx_hal_rtc.o(i.RTC_EnterInitMode) for RTC_EnterInitMode
    stm32l1xx_hal_rtc_ex.o(i.HAL_RTCEx_SetSmoothCalib) refers to stm32l1xx_hal.o(i.HAL_GetTick) for HAL_GetTick
    stm32l1xx_hal_rtc_ex.o(i.HAL_RTCEx_SetSynchroShift) refers to stm32l1xx_hal.o(i.HAL_GetTick) for HAL_GetTick
    stm32l1xx_hal_rtc_ex.o(i.HAL_RTCEx_SetSynchroShift) refers to stm32l1xx_hal_rtc_ex.o(i.HAL_RTC_WaitForSynchro) for HAL_RTC_WaitForSynchro
    stm32l1xx_hal_rtc_ex.o(i.HAL_RTCEx_SetWakeUpTimer) refers to stm32l1xx_hal.o(i.HAL_GetTick) for HAL_GetTick
    stm32l1xx_hal_rtc_ex.o(i.HAL_RTCEx_SetWakeUpTimer_IT) refers to stm32l1xx_hal.o(i.HAL_GetTick) for HAL_GetTick
    stm32l1xx_hal_rtc_ex.o(i.HAL_RTCEx_TamperTimeStampIRQHandler) refers to stm32l1xx_hal_rtc_ex.o(i.HAL_RTCEx_TimeStampEventCallback) for HAL_RTCEx_TimeStampEventCallback
    stm32l1xx_hal_rtc_ex.o(i.HAL_RTCEx_TamperTimeStampIRQHandler) refers to stm32l1xx_hal_rtc_ex.o(i.HAL_RTCEx_Tamper1EventCallback) for HAL_RTCEx_Tamper1EventCallback
    stm32l1xx_hal_rtc_ex.o(i.HAL_RTCEx_TamperTimeStampIRQHandler) refers to stm32l1xx_hal_rtc_ex.o(i.HAL_RTCEx_Tamper2EventCallback) for HAL_RTCEx_Tamper2EventCallback
[...]
    ..\Drivers\STM32L1xx_HAL_Driver\Src\stm32l1xx_hal_flash.c 0x00000000   Number         0  stm32l1xx_hal_flash.o ABSOLUTE
    ..\Drivers\STM32L1xx_HAL_Driver\Src\stm32l1xx_hal_flash_ex.c 0x00000000   Number         0  stm32l1xx_hal_flash_ex.o ABSOLUTE
    ..\Drivers\STM32L1xx_HAL_Driver\Src\stm32l1xx_hal_flash_ramfunc.c 0x00000000   Number         0  stm32l1xx_hal_flash_ramfunc.o ABSOLUTE
    ..\Drivers\STM32L1xx_HAL_Driver\Src\stm32l1xx_hal_gpio.c 0x00000000   Number         0  stm32l1xx_hal_gpio.o ABSOLUTE
    ..\Drivers\STM32L1xx_HAL_Driver\Src\stm32l1xx_hal_iwdg.c 0x00000000   Number         0  stm32l1xx_hal_iwdg.o ABSOLUTE
    ..\Drivers\STM32L1xx_HAL_Driver\Src\stm32l1xx_hal_pwr.c 0x00000000   Number         0  stm32l1xx_hal_pwr.o ABSOLUTE
    ..\Drivers\STM32L1xx_HAL_Driver\Src\stm32l1xx_hal_pwr_ex.c 0x00000000   Number         0  stm32l1xx_hal_pwr_ex.o ABSOLUTE
    ..\Drivers\STM32L1xx_HAL_Driver\Src\stm32l1xx_hal_rcc.c 0x00000000   Number         0  stm32l1xx_hal_rcc.o ABSOLUTE
    ..\Drivers\STM32L1xx_HAL_Driver\Src\stm32l1xx_hal_rcc_ex.c 0x00000000   Number         0  stm32l1xx_hal_rcc_ex.o ABSOLUTE
    ..\Drivers\STM32L1xx_HAL_Driver\Src\stm32l1xx_hal_rtc.c 0x00000000   Number         0  stm32l1xx_hal_rtc.o ABSOLUTE
    ..\Drivers\STM32L1xx_HAL_Driver\Src\stm32l1xx_hal_rtc_ex.c 0x00000000   Number         0  stm32l1xx_hal_rtc_ex.o ABSOLUTE
    ..\Drivers\STM32L1xx_HAL_Driver\Src\stm32l1xx_hal_tim.c 0x00000000   Number         0  stm32l1xx_hal_tim.o ABSOLUTE
    ..\Drivers\STM32L1xx_HAL_Driver\Src\stm32l1xx_hal_tim_ex.c 0x00000000   Number         0  stm32l1xx_hal_tim_ex.o ABSOLUTE
    ..\Drivers\STM32L1xx_HAL_Driver\Src\stm32l1xx_hal_uart.c 0x00000000   Number         0  stm32l1xx_hal_uart.o ABSOLUTE
    ..\Src\AM2301_HAL.c                      0x00000000   Number         0  am2301_hal.o ABSOLUTE
    ..\Src\adc.c                             0x00000000   Number         0  adc.o ABSOLUTE
    ..\Src\bgs2_hal_app.c                    0x00000000   Number         0  bgs2_hal_app.o ABSOLUTE
    ..\Src\bgs2_hal_dv.c                     0x00000000   Number         0  bgs2_hal_dv.o ABSOLUTE
    ..\Src\cli.c                             0x00000000   Number         0  cli.o ABSOLUTE
    ..\Src\device_user_config_app.c          0x00000000   Number         0  device_user_config_app.o ABSOLUTE
    ..\Src\dma.c                             0x00000000   Number         0  dma.o ABSOLUTE
    ..\Src\dwt_stm32_delay.c                 0x00000000   Number         0  dwt_stm32_delay.o ABSOLUTE
    ..\Src\gpio.c                            0x00000000   Number         0  gpio.o ABSOLUTE
    ..\Src\iwdg.c                            0x00000000   Number         0  iwdg.o ABSOLUTE
    ..\Src\led.c                             0x00000000   Number         0  led.o ABSOLUTE
    ..\Src\main.c                            0x00000000   Number         0  main.o ABSOLUTE
    ..\Src\plog_app.c                        0x00000000   Number         0  plog_app.o ABSOLUTE
    ..\Src\pwr_standby_rtc_wkup.c            0x00000000   Number         0  pwr_standby_rtc_wkup.o ABSOLUTE
    ..\Src\rtc.c                             0x00000000   Number         0  rtc.o ABSOLUTE
    ..\Src\stm32l1xx_hal_msp.c               0x00000000   Number         0  stm32l1xx_hal_msp.o ABSOLUTE
    ..\Src\stm32l1xx_it.c                    0x00000000   Number         0  stm32l1xx_it.o ABSOLUTE
    ..\Src\system_stm32l1xx.c                0x00000000   Number         0  system_stm32l1xx.o ABSOLUTE
    ..\Src\tim.c                             0x00000000   Number         0  tim.o ABSOLUTE
    ..\Src\usart.c                           0x00000000   Number         0  usart.o ABSOLUTE
    ..\\Src\\AM2301_HAL.c                    0x00000000   Number         0  am2301_hal.o ABSOLUTE
    ..\\Src\\bgs2_hal_app.c                  0x00000000   Number         0  bgs2_hal_app.o ABSOLUTE
    ..\\Src\\bgs2_hal_dv.c                   0x00000000   Number         0  bgs2_hal_dv.o ABSOLUTE
    ..\\Src\\device_user_config_app.c        0x00000000   Number         0  device_user_config_app.o ABSOLUTE
    ..\\Src\\dwt_stm32_delay.c               0x00000000   Number         0  dwt_stm32_delay.o ABSOLUTE
    ..\\Src\\led.c                           0x00000000   Number         0  led.o ABSOLUTE
    ..\\Src\\plog_app.c                      0x00000000   Number         0  plog_app.o ABSOLUTE
    ..\\Src\\pwr_standby_rtc_wkup.c          0x00000000   Number         0  pwr_standby_rtc_wkup.o ABSOLUTE
    cdrcmple.s                               0x00000000   Number         0  cdrcmple.o ABSOLUTE
    dc.s                                     0x00000000   Number         0  dc.o ABSOLUTE
    handlers.s                               0x00000000   Number         0  handlers.o ABSOLUTE
    init.s                                   0x00000000   Number         0  init.o ABSOLUTE
    startup_stm32l152xc.s                    0x00000000   Number         0  startup_stm32l152xc.o ABSOLUTE
    RESET                                    0x08000000   Section      292  startup_stm32l152xc.o(RESET)
    .ARM.Collect$$$$00000000                 0x08000124   Section        0  entry.o(.ARM.Collect$$$$00000000)
    .ARM.Collect$$$$00000001                 0x08000124   Section        4  entry2.o(.ARM.Collect$$$$00000001)
    .ARM.Collect$$$$00000004                 0x08000128   Section        4  entry5.o(.ARM.Collect$$$$00000004)
    .ARM.Collect$$$$00000008                 0x0800012c   Section        0  entry7b.o(.ARM.Collect$$$$00000008)
    .ARM.Collect$$$$0000000A                 0x0800012c   Section        0  entry8b.o(.ARM.Collect$$$$0000000A)
    .ARM.Collect$$$$0000000B                 0x0800012c   Section        8  entry9a.o(.ARM.Collect$$$$0000000B)
    .ARM.Collect$$$$0000000D                 0x08000134   Section        0  entry10a.o(.ARM.Collect$$$$0000000D)
    .ARM.Collect$$$$0000000F                 0x08000134   Section        0  entry11a.o(.ARM.Collect$$$$0000000F)
    .ARM.Collect$$$$00002712                 0x08000134   Section        4  entry2.o(.ARM.Collect$$$$00002712)
    __lit__00000000                          0x08000134   Data           4  entry2.o(.ARM.Collect$$$$00002712)
    .text                                    0x08000138   Section       36  startup_stm32l152xc.o(.text)
    LCD_IRQHandler                           0x08000153   Thumb Code     0  startup_stm32l152xc.o(.text)
    .text                                    0x0800015c   Section        0  memcpya.o(.text)
    .text                                    0x08000180   Section        0  memseta.o(.text)
    .text                                    0x080001a4   Section        0  strstr.o(.text)
    .text                                    0x080001c8   Section        0  strlen.o(.text)
    .text                                    0x080001d6   Section        0  strcpy.o(.text)
    .text                                    0x080001e8   Section        0  fdiv.o(.text)
    .text                                    0x08000264   Section        0  ddiv.o(.text)
    .text                                    0x08000342   Section        0  fflti.o(.text)
    .text                                    0x08000354   Section        0  ffltui.o(.text)
    .text                                    0x0800035e   Section        0  dfltui.o(.text)
    .text                                    0x08000378   Section        0  dfixui.o(.text)
    .text                                    0x080003aa   Section        0  f2d.o(.text)
    .text                                    0x080003d0   Section        0  uidiv.o(.text)
    .text                                    0x080003fc   Section        0  uldiv.o(.text)
    .text                                    0x0800045e   Section        0  llushr.o(.text)
    .text                                    0x0800047e   Section        0  iusefp.o(.text)
    .text                                    0x0800047e   Section        0  fepilogue.o(.text)
    .text                                    0x080004ec   Section        0  depilogue.o(.text)
    .text                                    0x080005a6   Section        0  dadd.o(.text)
    .text                                    0x080006f4   Section        0  dmul.o(.text)
    .text                                    0x080007d8   Section        0  dfixul.o(.text)
    .text                                    0x08000808   Section       48  cdrcmple.o(.text)
    .text                                    0x08000838   Section       36  init.o(.text)
    .text                                    0x0800085c   Section        0  llshl.o(.text)
    .text                                    0x0800087a   Section        0  llsshr.o(.text)
    i.ADC_DMAConvCplt                        0x0800089e   Section        0  stm32l1xx_hal_adc.o(i.ADC_DMAConvCplt)
    ADC_DMAConvCplt                          0x0800089f   Thumb Code    98  stm32l1xx_hal_adc.o(i.ADC_DMAConvCplt)
    i.ADC_DMAError                           0x08000900   Section        0  stm32l1xx_hal_adc.o(i.ADC_DMAError)
    ADC_DMAError                             0x08000901   Thumb Code    26  stm32l1xx_hal_adc.o(i.ADC_DMAError)
    i.ADC_DMAHalfConvCplt                    0x0800091a   Section        0  stm32l1xx_hal_adc.o(i.ADC_DMAHalfConvCplt)
    ADC_DMAHalfConvCplt                      0x0800091b   Thumb Code    10  stm32l1xx_hal_adc.o(i.ADC_DMAHalfConvCplt)
    i.ADC_Enable                             0x08000924   Section        0  stm32l1xx_hal_adc.o(i.ADC_Enable)
    i.ADC_Module_Testing                     0x08000998   Section        0  plog_app.o(i.ADC_Module_Testing)
    i.AM2301_Module_Testing                  0x08000a88   Section        0  plog_app.o(i.AM2301_Module_Testing)
    i.AM2301_PIN_IN                          0x08000b7c   Section        0  am2301_hal.o(i.AM2301_PIN_IN)
    i.AM2301_PIN_OUT                         0x08000b98   Section        0  am2301_hal.o(i.AM2301_PIN_OUT)
    i.AM2301_Read                            0x08000bbc   Section        0  am2301_hal.o(i.AM2301_Read)
    i.CtrLed                                 0x08000d58   Section        0  led.o(i.CtrLed)
    i.DMA1_Channel1_IRQHandler               0x08000dac   Section        0  stm32l1xx_it.o(i.DMA1_Channel1_IRQHandler)
    i.DMA1_Channel2_IRQHandler               0x08000db8   Section        0  stm32l1xx_it.o(i.DMA1_Channel2_IRQHandler)
    i.DMA1_Channel3_IRQHandler               0x08000dc4   Section        0  stm32l1xx_it.o(i.DMA1_Channel3_IRQHandler)
    i.DMA1_Channel4_IRQHandler               0x08000dd0   Section        0  stm32l1xx_it.o(i.DMA1_Channel4_IRQHandler)
    i.DMA1_Channel5_IRQHandler               0x08000ddc   Section        0  stm32l1xx_it.o(i.DMA1_Channel5_IRQHandler)
    i.DMA1_Channel6_IRQHandler               0x08000de8   Section        0  stm32l1xx_it.o(i.DMA1_Channel6_IRQHandler)
    i.DMA1_Channel7_IRQHandler               0x08000df4   Section        0  stm32l1xx_it.o(i.DMA1_Channel7_IRQHandler)
    i.DMA_SetConfig                          0x08000e00   Section        0  stm32l1xx_hal_dma.o(i.DMA_SetConfig)
    DMA_SetConfig                            0x08000e01   Thumb Code    42  stm32l1xx_hal_dma.o(i.DMA_SetConfig)
    i.DWT_Delay_Init                         0x08000e2c   Section        0  dwt_stm32_delay.o(i.DWT_Delay_Init)
    i.DWT_Delay_us                           0x08000e70   Section        0  am2301_hal.o(i.DWT_Delay_us)
    DWT_Delay_us                             0x08000e71   Thumb Code    34  am2301_hal.o(i.DWT_Delay_us)
    i.Demo_App                               0x08000e9c   Section        0  plog_app.o(i.Demo_App)
    i.GSM_Module_Testing                     0x080010c4   Section        0  plog_app.o(i.GSM_Module_Testing)
    i.HAL_ADC_ConfigChannel                  0x080012f8   Section        0  stm32l1xx_hal_adc.o(i.HAL_ADC_ConfigChannel)
    i.HAL_ADC_ConvCpltCallback               0x08001440   Section        0  stm32l1xx_hal_adc.o(i.HAL_ADC_ConvCpltCallback)
    i.HAL_ADC_ConvHalfCpltCallback           0x08001442   Section        0  stm32l1xx_hal_adc.o(i.HAL_ADC_ConvHalfCpltCallback)
    i.HAL_ADC_ErrorCallback                  0x08001444   Section        0  stm32l1xx_hal_adc.o(i.HAL_ADC_ErrorCallback)
    i.HAL_ADC_Init                           0x08001448   Section        0  stm32l1xx_hal_adc.o(i.HAL_ADC_Init)
    i.HAL_ADC_MspInit                        0x080015e4   Section        0  adc.o(i.HAL_ADC_MspInit)
    i.HAL_ADC_Start_DMA                      0x08001694   Section        0  stm32l1xx_hal_adc.o(i.HAL_ADC_Start_DMA)
    i.HAL_DMA_IRQHandler                     0x08001758   Section        0  stm32l1xx_hal_dma.o(i.HAL_DMA_IRQHandler)
    i.HAL_DMA_Init                           0x08001800   Section        0  stm32l1xx_hal_dma.o(i.HAL_DMA_Init)
    i.HAL_DMA_Start_IT                       0x08001884   Section        0  stm32l1xx_hal_dma.o(i.HAL_DMA_Start_IT)
    i.HAL_Delay                              0x080018f4   Section        0  stm32l1xx_hal.o(i.HAL_Delay)
    i.HAL_GPIO_Init                          0x0800190c   Section        0  stm32l1xx_hal_gpio.o(i.HAL_GPIO_Init)
    i.HAL_GPIO_ReadPin                       0x08001a98   Section        0  stm32l1xx_hal_gpio.o(i.HAL_GPIO_ReadPin)
    i.HAL_GPIO_TogglePin                     0x08001aa2   Section        0  stm32l1xx_hal_gpio.o(i.HAL_GPIO_TogglePin)
    i.HAL_GPIO_WritePin                      0x08001aaa   Section        0  stm32l1xx_hal_gpio.o(i.HAL_GPIO_WritePin)
    i.HAL_GetTick                            0x08001ab4   Section        0  stm32l1xx_hal.o(i.HAL_GetTick)
    i.HAL_IncTick                            0x08001ac0   Section        0  stm32l1xx_hal.o(i.HAL_IncTick)
    i.HAL_Init                               0x08001ad0   Section        0  stm32l1xx_hal.o(i.HAL_Init)
    i.HAL_InitTick                           0x08001ae8   Section        0  stm32l1xx_hal.o(i.HAL_InitTick)
    i.HAL_MspInit                            0x08001b10   Section        0  stm32l1xx_hal_msp.o(i.HAL_MspInit)
    i.HAL_NVIC_EnableIRQ                     0x08001ba0   Section        0  stm32l1xx_hal_cortex.o(i.HAL_NVIC_EnableIRQ)
    i.HAL_NVIC_SetPriority                   0x08001bb8   Section        0  stm32l1xx_hal_cortex.o(i.HAL_NVIC_SetPriority)
    i.HAL_NVIC_SetPriorityGrouping           0x08001bf8   Section        0  stm32l1xx_hal_cortex.o(i.HAL_NVIC_SetPriorityGrouping)
    i.HAL_PWREx_EnableFastWakeUp             0x08001c1c   Section        0  stm32l1xx_hal_pwr_ex.o(i.HAL_PWREx_EnableFastWakeUp)
    i.HAL_PWREx_EnableUltraLowPower          0x08001c34   Section        0  stm32l1xx_hal_pwr_ex.o(i.HAL_PWREx_EnableUltraLowPower)
    i.HAL_PWR_EnterSTANDBYMode               0x08001c4c   Section        0  stm32l1xx_hal_pwr.o(i.HAL_PWR_EnterSTANDBYMode)
    i.HAL_RCCEx_PeriphCLKConfig              0x08001c6c   Section        0  stm32l1xx_hal_rcc_ex.o(i.HAL_RCCEx_PeriphCLKConfig)
    i.HAL_RCC_ClockConfig                    0x08001df4   Section        0  stm32l1xx_hal_rcc.o(i.HAL_RCC_ClockConfig)
    i.HAL_RCC_GetHCLKFreq                    0x08001fc8   Section        0  stm32l1xx_hal_rcc.o(i.HAL_RCC_GetHCLKFreq)
    i.HAL_RCC_GetPCLK1Freq                   0x08001fd4   Section        0  stm32l1xx_hal_rcc.o(i.HAL_RCC_GetPCLK1Freq)
    i.HAL_RCC_GetPCLK2Freq                   0x08002004   Section        0  stm32l1xx_hal_rcc.o(i.HAL_RCC_GetPCLK2Freq)
    i.HAL_RCC_GetSysClockFreq                0x08002034   Section        0  stm32l1xx_hal_rcc.o(i.HAL_RCC_GetSysClockFreq)
    i.HAL_RCC_OscConfig                      0x080020c0   Section        0  stm32l1xx_hal_rcc.o(i.HAL_RCC_OscConfig)
    i.HAL_RTCEx_BKUPRead                     0x08002810   Section        0  stm32l1xx_hal_rtc_ex.o(i.HAL_RTCEx_BKUPRead)
    i.HAL_RTCEx_BKUPWrite                    0x0800281a   Section        0  stm32l1xx_hal_rtc_ex.o(i.HAL_RTCEx_BKUPWrite)
    i.HAL_RTCEx_DeactivateWakeUpTimer        0x08002824   Section        0  stm32l1xx_hal_rtc_ex.o(i.HAL_RTCEx_DeactivateWakeUpTimer)
    i.HAL_RTCEx_SetWakeUpTimer_IT            0x080028a0   Section        0  stm32l1xx_hal_rtc_ex.o(i.HAL_RTCEx_SetWakeUpTimer_IT)
    i.HAL_RTCEx_WakeUpTimerEventCallback     0x08002998   Section        0  stm32l1xx_hal_rtc_ex.o(i.HAL_RTCEx_WakeUpTimerEventCallback)
    i.HAL_RTCEx_WakeUpTimerIRQHandler        0x0800299c   Section        0  stm32l1xx_hal_rtc_ex.o(i.HAL_RTCEx_WakeUpTimerIRQHandler)
    i.HAL_RTC_Init                           0x080029d0   Section        0  stm32l1xx_hal_rtc.o(i.HAL_RTC_Init)
    i.HAL_RTC_MspInit                        0x08002a6c   Section        0  rtc.o(i.HAL_RTC_MspInit)
    i.HAL_RTC_SetDate                        0x08002a94   Section        0  stm32l1xx_hal_rtc.o(i.HAL_RTC_SetDate)
    i.HAL_RTC_SetTime                        0x08002b5c   Section        0  stm32l1xx_hal_rtc.o(i.HAL_RTC_SetTime)
    i.HAL_RTC_WaitForSynchro                 0x08002c44   Section        0  stm32l1xx_hal_rtc_ex.o(i.HAL_RTC_WaitForSynchro)
    i.HAL_SYSTICK_CLKSourceConfig            0x08002c7e   Section        0  stm32l1xx_hal_cortex.o(i.HAL_SYSTICK_CLKSourceConfig)
    i.HAL_SYSTICK_Callback                   0x08002c96   Section        0  stm32l1xx_hal_cortex.o(i.HAL_SYSTICK_Callback)
    i.HAL_SYSTICK_Config                     0x08002c98   Section        0  stm32l1xx_hal_cortex.o(i.HAL_SYSTICK_Config)
    i.HAL_SYSTICK_IRQHandler                 0x08002cc0   Section        0  stm32l1xx_hal_cortex.o(i.HAL_SYSTICK_IRQHandler)
    i.HAL_TIMEx_MasterConfigSynchronization  0x08002cc8   Section        0  stm32l1xx_hal_tim_ex.o(i.HAL_TIMEx_MasterConfigSynchronization)
    i.HAL_TIM_Base_Init                      0x08002d18   Section        0  stm32l1xx_hal_tim.o(i.HAL_TIM_Base_Init)
    i.HAL_TIM_Base_MspInit                   0x08002d50   Section        0  tim.o(i.HAL_TIM_Base_MspInit)
    i.HAL_TIM_Base_Start_IT                  0x08002d8c   Section        0  stm32l1xx_hal_tim.o(i.HAL_TIM_Base_Start_IT)
    i.HAL_TIM_ConfigClockSource              0x08002da4   Section        0  stm32l1xx_hal_tim.o(i.HAL_TIM_ConfigClockSource)
    i.HAL_TIM_IC_CaptureCallback             0x08002e96   Section        0  stm32l1xx_hal_tim.o(i.HAL_TIM_IC_CaptureCallback)
    i.HAL_TIM_IRQHandler                     0x08002e98   Section        0  stm32l1xx_hal_tim.o(i.HAL_TIM_IRQHandler)
    i.HAL_TIM_OC_DelayElapsedCallback        0x08002fbe   Section        0  stm32l1xx_hal_tim.o(i.HAL_TIM_OC_DelayElapsedCallback)
    i.HAL_TIM_PWM_PulseFinishedCallback      0x08002fc0   Section        0  stm32l1xx_hal_tim.o(i.HAL_TIM_PWM_PulseFinishedCallback)
    i.HAL_TIM_PeriodElapsedCallback          0x08002fc4   Section        0  tim.o(i.HAL_TIM_PeriodElapsedCallback)
    i.HAL_TIM_TriggerCallback                0x08002fe4   Section        0  stm32l1xx_hal_tim.o(i.HAL_TIM_TriggerCallback)
    i.HAL_UART_ErrorCallback                 0x08002fe6   Section        0  stm32l1xx_hal_uart.o(i.HAL_UART_ErrorCallback)
    i.HAL_UART_IRQHandler                    0x08002fe8   Section        0  stm32l1xx_hal_uart.o(i.HAL_UART_IRQHandler)
    i.HAL_UART_Init                          0x080030c2   Section        0  stm32l1xx_hal_uart.o(i.HAL_UART_Init)
    i.HAL_UART_MspInit                       0x08003120   Section        0  usart.o(i.HAL_UART_MspInit)
    i.HAL_UART_Receive_DMA                   0x08003370   Section        0  stm32l1xx_hal_uart.o(i.HAL_UART_Receive_DMA)
    i.HAL_UART_RxCpltCallback                0x080033f8   Section        0  usart.o(i.HAL_UART_RxCpltCallback)
    i.HAL_UART_RxHalfCpltCallback            0x080034f0   Section        0  stm32l1xx_hal_uart.o(i.HAL_UART_RxHalfCpltCallback)
    i.HAL_UART_Transmit                      0x080034f4   Section        0  stm32l1xx_hal_uart.o(i.HAL_UART_Transmit)
    i.HAL_UART_TxCpltCallback                0x080035c0   Section        0  stm32l1xx_hal_uart.o(i.HAL_UART_TxCpltCallback)
    i.Hardware_Testing_App                   0x080035c4   Section        0  plog_app.o(i.Hardware_Testing_App)
    i.LedCtr                                 0x080038c0   Section        0  led.o(i.LedCtr)
    i.LedSetStatus                           0x080038f8   Section        0  led.o(i.LedSetStatus)
    i.MX_ADC_Init                            0x0800390c   Section        0  adc.o(i.MX_ADC_Init)
    i.MX_DMA_Init                            0x08003a1c   Section        0  dma.o(i.MX_DMA_Init)
    i.MX_GPIO_Init                           0x08003aa8   Section        0  gpio.o(i.MX_GPIO_Init)
    i.MX_RTC_Init                            0x08003c00   Section        0  rtc.o(i.MX_RTC_Init)
    i.MX_TIM3_Init                           0x08003cb8   Section        0  tim.o(i.MX_TIM3_Init)
    i.MX_USART1_UART_Init                    0x08003d2c   Section        0  usart.o(i.MX_USART1_UART_Init)
    i.MX_USART2_UART_Init                    0x08003d78   Section        0  usart.o(i.MX_USART2_UART_Init)
    i.MX_USART3_UART_Init                    0x08003dc4   Section        0  usart.o(i.MX_USART3_UART_Init)
    i.NVIC_SetPriority                       0x08003e10   Section        0  stm32l1xx_hal_cortex.o(i.NVIC_SetPriority)
    NVIC_SetPriority                         0x08003e11   Thumb Code    32  stm32l1xx_hal_cortex.o(i.NVIC_SetPriority)
    i.RCC_SetFlashLatencyFromMSIRange        0x08003e30   Section        0  stm32l1xx_hal_rcc.o(i.RCC_SetFlashLatencyFromMSIRange)
    RCC_SetFlashLatencyFromMSIRange          0x08003e31   Thumb Code   116  stm32l1xx_hal_rcc.o(i.RCC_SetFlashLatencyFromMSIRange)
    i.RTC_Bcd2ToByte                         0x08003eb0   Section        0  stm32l1xx_hal_rtc.o(i.RTC_Bcd2ToByte)
    i.RTC_ByteToBcd2                         0x08003ec2   Section        0  stm32l1xx_hal_rtc.o(i.RTC_ByteToBcd2)
    i.RTC_EnterInitMode                      0x08003ed8   Section        0  stm32l1xx_hal_rtc.o(i.RTC_EnterInitMode)
    i.RTC_WKUP_IRQHandler                    0x08003f14   Section        0  stm32l1xx_it.o(i.RTC_WKUP_IRQHandler)
    i.SIM_AT_Sync                            0x08003f58   Section        0  bgs2_hal_dv.o(i.SIM_AT_Sync)
    i.SIM_Check_Account                      0x08003fd4   Section        0  bgs2_hal_app.o(i.SIM_Check_Account)
    i.SIM_Check_Service                      0x08004088   Section        0  bgs2_hal_dv.o(i.SIM_Check_Service)
    i.SIM_Gprs_On                            0x08004224   Section        0  bgs2_hal_dv.o(i.SIM_Gprs_On)
    i.SIM_Reset                              0x0800455c   Section        0  bgs2_hal_dv.o(i.SIM_Reset)
    i.SIM_Startup                            0x080045fc   Section        0  bgs2_hal_dv.o(i.SIM_Startup)
    i.SIM_sendATcommand                      0x08004694   Section        0  bgs2_hal_dv.o(i.SIM_sendATcommand)
    i.SysTick_Handler                        0x0800479c   Section        0  stm32l1xx_it.o(i.SysTick_Handler)
    i.SystemClock_Config                     0x080047ac   Section        0  main.o(i.SystemClock_Config)
    i.SystemInit                             0x0800485c   Section        0  system_stm32l1xx.o(i.SystemInit)
    i.TIM3_IRQHandler                        0x080048ac   Section        0  stm32l1xx_it.o(i.TIM3_IRQHandler)
    i.TIM_Base_SetConfig                     0x080048b8   Section        0  stm32l1xx_hal_tim.o(i.TIM_Base_SetConfig)
    TIM_Base_SetConfig                       0x080048b9   Thumb Code   100  stm32l1xx_hal_tim.o(i.TIM_Base_SetConfig)
    i.TIM_ETR_SetConfig                      0x08004934   Section        0  stm32l1xx_hal_tim.o(i.TIM_ETR_SetConfig)
    TIM_ETR_SetConfig                        0x08004935   Thumb Code    20  stm32l1xx_hal_tim.o(i.TIM_ETR_SetConfig)
    i.TIM_ITRx_SetConfig                     0x08004948   Section        0  stm32l1xx_hal_tim.o(i.TIM_ITRx_SetConfig)
    TIM_ITRx_SetConfig                       0x08004949   Thumb Code    16  stm32l1xx_hal_tim.o(i.TIM_ITRx_SetConfig)
    i.TIM_TI1_ConfigInputStage               0x08004958   Section        0  stm32l1xx_hal_tim.o(i.TIM_TI1_ConfigInputStage)
    TIM_TI1_ConfigInputStage                 0x08004959   Thumb Code    34  stm32l1xx_hal_tim.o(i.TIM_TI1_ConfigInputStage)
    i.TIM_TI2_ConfigInputStage               0x0800497a   Section        0  stm32l1xx_hal_tim.o(i.TIM_TI2_ConfigInputStage)
    TIM_TI2_ConfigInputStage                 0x0800497b   Thumb Code    36  stm32l1xx_hal_tim.o(i.TIM_TI2_ConfigInputStage)
    i.UART_DMAError                          0x0800499e   Section        0  stm32l1xx_hal_uart.o(i.UART_DMAError)
    UART_DMAError                            0x0800499f   Thumb Code    30  stm32l1xx_hal_uart.o(i.UART_DMAError)
    i.UART_DMAReceiveCplt                    0x080049bc   Section        0  stm32l1xx_hal_uart.o(i.UART_DMAReceiveCplt)
    UART_DMAReceiveCplt                      0x080049bd   Thumb Code    54  stm32l1xx_hal_uart.o(i.UART_DMAReceiveCplt)
    i.UART_DMARxHalfCplt                     0x080049f2   Section        0  stm32l1xx_hal_uart.o(i.UART_DMARxHalfCplt)
    UART_DMARxHalfCplt                       0x080049f3   Thumb Code    10  stm32l1xx_hal_uart.o(i.UART_DMARxHalfCplt)
    i.UART_Receive_IT                        0x080049fc   Section        0  stm32l1xx_hal_uart.o(i.UART_Receive_IT)
    UART_Receive_IT                          0x080049fd   Thumb Code   168  stm32l1xx_hal_uart.o(i.UART_Receive_IT)
    i.UART_SetConfig                         0x08004aa4   Section        0  stm32l1xx_hal_uart.o(i.UART_SetConfig)
    UART_SetConfig                           0x08004aa5   Thumb Code   666  stm32l1xx_hal_uart.o(i.UART_SetConfig)
    i.UART_Transmit_IT                       0x08004d44   Section        0  stm32l1xx_hal_uart.o(i.UART_Transmit_IT)
    UART_Transmit_IT                         0x08004d45   Thumb Code   102  stm32l1xx_hal_uart.o(i.UART_Transmit_IT)
    i.UART_WaitOnFlagUntilTimeout            0x08004daa   Section        0  stm32l1xx_hal_uart.o(i.UART_WaitOnFlagUntilTimeout)
    UART_WaitOnFlagUntilTimeout              0x08004dab   Thumb Code   146  stm32l1xx_hal_uart.o(i.UART_WaitOnFlagUntilTimeout)
    i.USART1_IRQHandler                      0x08004e3c   Section        0  stm32l1xx_it.o(i.USART1_IRQHandler)
    i.USART2_IRQHandler                      0x08004e48   Section        0  stm32l1xx_it.o(i.USART2_IRQHandler)
    i.USART3_IRQHandler                      0x08004e54   Section        0  stm32l1xx_it.o(i.USART3_IRQHandler)
    i.User_Config                            0x08004e60   Section        0  device_user_config_app.o(i.User_Config)
    i._Error_Handler                         0x080052cc   Section        0  main.o(i._Error_Handler)
    i.__0printf                              0x0800534c   Section        0  printfa.o(i.__0printf)
    i.__0snprintf                            0x0800536c   Section        0  printfa.o(i.__0snprintf)
    i.__scatterload_copy                     0x08005394   Section       14  handlers.o(i.__scatterload_copy)
    i.__scatterload_null                     0x080053a2   Section        2  handlers.o(i.__scatterload_null)
    i.__scatterload_zeroinit                 0x080053a4   Section       14  handlers.o(i.__scatterload_zeroinit)
    i._fp_digits                             0x080053b4   Section        0  printfa.o(i._fp_digits)
    _fp_digits                               0x080053b5   Thumb Code   334  printfa.o(i._fp_digits)
    i._printf_core                           0x08005518   Section        0  printfa.o(i._printf_core)
    _printf_core                             0x08005519   Thumb Code  1744  printfa.o(i._printf_core)
    i._printf_post_padding                   0x08005bf4   Section        0  printfa.o(i._printf_post_padding)
    _printf_post_padding                     0x08005bf5   Thumb Code    36  printfa.o(i._printf_post_padding)
    i._printf_pre_padding                    0x08005c18   Section        0  printfa.o(i._printf_pre_padding)
    _printf_pre_padding                      0x08005c19   Thumb Code    46  printfa.o(i._printf_pre_padding)
    i._snputc                                0x08005c46   Section        0  printfa.o(i._snputc)
    _snputc                                  0x08005c47   Thumb Code    22  printfa.o(i._snputc)
    i.enter_stanby_mode                      0x08005c5c   Section        0  pwr_standby_rtc_wkup.o(i.enter_stanby_mode)
    i.fputc                                  0x08005cb4   Section        0  usart.o(i.fputc)
    i.main                                   0x08005ccc   Section        0  main.o(i.main)
    i.modem_send_http_request                0x0800602c   Section        0  bgs2_hal_app.o(i.modem_send_http_request)
    i.putc                                   0x0800636c   Section        0  putc.o(i.putc)
    i.user_strcmp                            0x08006370   Section        0  bgs2_hal_dv.o(i.user_strcmp)
    .constdata                               0x080063a8   Section       25  system_stm32l1xx.o(.constdata)
    .constdata                               0x080063c1   Section        8  system_stm32l1xx.o(.constdata)
    .constdata                               0x080063cc   Section       29  bgs2_hal_app.o(.constdata)
    .conststring                             0x080063ec   Section       66  device_user_config_app.o(.conststring)
    .conststring                             0x08006430   Section      344  plog_app.o(.conststring)
    .data                                    0x20000000   Section        4  stm32l1xx_hal.o(.data)
    .data                                    0x20000004   Section        4  system_stm32l1xx.o(.data)
    .data                                    0x20000008   Section        4  tim.o(.data)
    .data                                    0x2000000c   Section        3  usart.o(.data)
    .data                                    0x2000000f   Section        1  main.o(.data)
    .data                                    0x20000010   Section       24  led.o(.data)
    timeOld                                  0x20000010   Data           4  led.o(.data)
    ledTimeNew                               0x20000018   Data           8  led.o(.data)
    ledTimeOld                               0x20000020   Data           8  led.o(.data)
    .data                                    0x20000028   Section        8  bgs2_hal_dv.o(.data)
    .data                                    0x20000030   Section        1  bgs2_hal_dv.o(.data)
    .data                                    0x20000031   Section        1  bgs2_hal_dv.o(.data)
    .data                                    0x20000034   Section        4  stdout.o(.data)
    .bss                                     0x20000038   Section       56  tim.o(.bss)
    .bss                                     0x20000070   Section      700  usart.o(.bss)
    .bss                                     0x2000032c   Section       16  main.o(.bss)
    .bss                                     0x2000033c   Section       32  rtc.o(.bss)
    .bss                                     0x2000035c   Section       14  adc.o(.bss)
    .bss                                     0x2000036c   Section      152  adc.o(.bss)
    .bss                                     0x20000404   Section       20  led.o(.bss)
    .bss                                     0x20000418   Section      100  bgs2_hal_dv.o(.bss)
    .bss                                     0x2000047c   Section     1024  bgs2_hal_dv.o(.bss)
    STACK                                    0x20000880   Section     1024  startup_stm32l152xc.o(STACK)

    Global Symbols

    Symbol Name                              Value     Ov Type        Size  Object(Section)

    BuildAttributes$$THM_ISAv4$P$D$K$B$S$PE$A:L22UL41UL21$X:L11$S22US41US21$IEEE1$IW$USESV6$~STKCKD$USESV7$~SHL$OTIME$ROPI$EBA8$MICROLIB$REQ8$PRES8$EABIv2 0x00000000   Number         0  anon$$obj.o ABSOLUTE
    __ARM_use_no_argv                        0x00000000   Number         0  main.o ABSOLUTE
    _printf_a                                0x00000000   Number         0  stubs.o ABSOLUTE
    _printf_c                                0x00000000   Number         0  stubs.o ABSOLUTE
    _printf_charcount                        0x00000000   Number         0  stubs.o ABSOLUTE
    _printf_d                                0x00000000   Number         0  stubs.o ABSOLUTE
    _printf_e                                0x00000000   Number         0  stubs.o ABSOLUTE
    _printf_f                                0x00000000   Number         0  stubs.o ABSOLUTE
    _printf_flags                            0x00000000   Number         0  stubs.o ABSOLUTE
    _printf_fp_dec                           0x00000000   Number         0  stubs.o ABSOLUTE
    _printf_fp_hex                           0x00000000   Number         0  stubs.o ABSOLUTE
    _printf_g                                0x00000000   Number         0  stubs.o ABSOLUTE
    _printf_i                                0x00000000   Number         0  stubs.o ABSOLUTE
    _printf_int_dec                          0x00000000   Number         0  stubs.o ABSOLUTE
    _printf_l                                0x00000000   Number         0  stubs.o ABSOLUTE
    _printf_lc                               0x00000000   Number         0  stubs.o ABSOLUTE
    _printf_ll                               0x00000000   Number         0  stubs.o ABSOLUTE
    _printf_lld                              0x00000000   Number         0  stubs.o ABSOLUTE
    _printf_lli                              0x00000000   Number         0  stubs.o ABSOLUTE
    _printf_llo                              0x00000000   Number         0  stubs.o ABSOLUTE
    _printf_llu                              0x00000000   Number         0  stubs.o ABSOLUTE
    _printf_llx                              0x00000000   Number         0  stubs.o ABSOLUTE
    _printf_longlong_dec                     0x00000000   Number         0  stubs.o ABSOLUTE
    _printf_longlong_hex                     0x00000000   Number         0  stubs.o ABSOLUTE
    _printf_longlong_oct                     0x00000000   Number         0  stubs.o ABSOLUTE
    _printf_ls                               0x00000000   Number         0  stubs.o ABSOLUTE
    _printf_mbtowc                           0x00000000   Number         0  stubs.o ABSOLUTE
    _printf_n                                0x00000000   Number         0  stubs.o ABSOLUTE
    _printf_o                                0x00000000   Number         0  stubs.o ABSOLUTE
    _printf_p                                0x00000000   Number         0  stubs.o ABSOLUTE
    _printf_percent                          0x00000000   Number         0  stubs.o ABSOLUTE
    _printf_pre_padding                      0x00000000   Number         0  stubs.o ABSOLUTE
    _printf_return_value                     0x00000000   Number         0  stubs.o ABSOLUTE
    _printf_s                                0x00000000   Number         0  stubs.o ABSOLUTE
    _printf_sizespec                         0x00000000   Number         0  stubs.o ABSOLUTE
    _printf_str                              0x00000000   Number         0  stubs.o ABSOLUTE
    _printf_truncate_signed                  0x00000000   Number         0  stubs.o ABSOLUTE
    _printf_truncate_unsigned                0x00000000   Number         0  stubs.o ABSOLUTE
    _printf_u                                0x00000000   Number         0  stubs.o ABSOLUTE
    _printf_wc                               0x00000000   Number         0  stubs.o ABSOLUTE
    _printf_wctomb                           0x00000000   Number         0  stubs.o ABSOLUTE
    _printf_widthprec                        0x00000000   Number         0  stubs.o ABSOLUTE
    _printf_x                                0x00000000   Number         0  stubs.o ABSOLUTE
    __cpp_initialize__aeabi_                  - Undefined Weak Reference
    __cxa_finalize                            - Undefined Weak Reference
    __decompress                              - Undefined Weak Reference
    _clock_init                               - Undefined Weak Reference
    _microlib_exit                            - Undefined Weak Reference
    __Vectors_Size                           0x00000124   Number         0  startup_stm32l152xc.o ABSOLUTE
    __Vectors                                0x08000000   Data           4  startup_stm32l152xc.o(RESET)
    __Vectors_End                            0x08000124   Data           0  startup_stm32l152xc.o(RESET)
    __main                                   0x08000125   Thumb Code     0  entry.o(.ARM.Collect$$$$00000000)
    _main_stk                                0x08000125   Thumb Code     0  entry2.o(.ARM.Collect$$$$00000001)
    _main_scatterload                        0x08000129   Thumb Code     0  entry5.o(.ARM.Collect$$$$00000004)
    __main_after_scatterload                 0x0800012d   Thumb Code     0  entry5.o(.ARM.Collect$$$$00000004)
    _main_clock                              0x0800012d   Thumb Code     0  entry7b.o(.ARM.Collect$$$$00000008)
    _main_cpp_init                           0x0800012d   Thumb Code     0  entry8b.o(.ARM.Collect$$$$0000000A)
    _main_init                               0x0800012d   Thumb Code     0  entry9a.o(.ARM.Collect$$$$0000000B)
    __rt_final_cpp                           0x08000135   Thumb Code     0  entry10a.o(.ARM.Collect$$$$0000000D)
    __rt_final_exit                          0x08000135   Thumb Code     0  entry11a.o(.ARM.Collect$$$$0000000F)
    Reset_Handler                            0x08000139   Thumb Code     8  startup_stm32l152xc.o(.text)
    NMI_Handler                              0x08000141   Thumb Code     2  startup_stm32l152xc.o(.text)
    HardFault_Handler                        0x08000143   Thumb Code     2  startup_stm32l152xc.o(.text)
    MemManage_Handler                        0x08000145   Thumb Code     2  startup_stm32l152xc.o(.text)
    BusFault_Handler                         0x08000147   Thumb Code     2  startup_stm32l152xc.o(.text)
    UsageFault_Handler                       0x08000149   Thumb Code     2  startup_stm32l152xc.o(.text)
    SVC_Handler                              0x0800014b   Thumb Code     2  startup_stm32l152xc.o(.text)
    DebugMon_Handler                         0x0800014d   Thumb Code     2  startup_stm32l152xc.o(.text)
    PendSV_Handler                           0x0800014f   Thumb Code     2  startup_stm32l152xc.o(.text)
    ADC1_IRQHandler                          0x08000153   Thumb Code     0  startup_stm32l152xc.o(.text)
    COMP_ACQ_IRQHandler                      0x08000153   Thumb Code     0  startup_stm32l152xc.o(.text)
    COMP_IRQHandler                          0x08000153   Thumb Code     0  startup_stm32l152xc.o(.text)
    DAC_IRQHandler                           0x08000153   Thumb Code     0  startup_stm32l152xc.o(.text)
    DMA2_Channel1_IRQHandler                 0x08000153   Thumb Code     0  startup_stm32l152xc.o(.text)
    DMA2_Channel2_IRQHandler                 0x08000153   Thumb Code     0  startup_stm32l152xc.o(.text)
    DMA2_Channel3_IRQHandler                 0x08000153   Thumb Code     0  startup_stm32l152xc.o(.text)
    DMA2_Channel4_IRQHandler                 0x08000153   Thumb Code     0  startup_stm32l152xc.o(.text)
    DMA2_Channel5_IRQHandler                 0x08000153   Thumb Code     0  startup_stm32l152xc.o(.text)
    EXTI0_IRQHandler                         0x08000153   Thumb Code     0  startup_stm32l152xc.o(.text)
    EXTI15_10_IRQHandler                     0x08000153   Thumb Code     0  startup_stm32l152xc.o(.text)
    EXTI1_IRQHandler                         0x08000153   Thumb Code     0  startup_stm32l152xc.o(.text)
    EXTI2_IRQHandler                         0x08000153   Thumb Code     0  startup_stm32l152xc.o(.text)
    EXTI3_IRQHandler                         0x08000153   Thumb Code     0  startup_stm32l152xc.o(.text)
    EXTI4_IRQHandler                         0x08000153   Thumb Code     0  startup_stm32l152xc.o(.text)
    EXTI9_5_IRQHandler                       0x08000153   Thumb Code     0  startup_stm32l152xc.o(.text)
    FLASH_IRQHandler                         0x08000153   Thumb Code     0  startup_stm32l152xc.o(.text)
    I2C1_ER_IRQHandler                       0x08000153   Thumb Code     0  startup_stm32l152xc.o(.text)
    I2C1_EV_IRQHandler                       0x08000153   Thumb Code     0  startup_stm32l152xc.o(.text)
    I2C2_ER_IRQHandler                       0x08000153   Thumb Code     0  startup_stm32l152xc.o(.text)
    I2C2_EV_IRQHandler                       0x08000153   Thumb Code     0  startup_stm32l152xc.o(.text)
    PVD_IRQHandler                           0x08000153   Thumb Code     0  startup_stm32l152xc.o(.text)
    RCC_IRQHandler                           0x08000153   Thumb Code     0  startup_stm32l152xc.o(.text)
    RTC_Alarm_IRQHandler                     0x08000153   Thumb Code     0  startup_stm32l152xc.o(.text)
    SPI1_IRQHandler                          0x08000153   Thumb Code     0  startup_stm32l152xc.o(.text)
    SPI2_IRQHandler                          0x08000153   Thumb Code     0  startup_stm32l152xc.o(.text)
    SPI3_IRQHandler                          0x08000153   Thumb Code     0  startup_stm32l152xc.o(.text)
    TAMPER_STAMP_IRQHandler                  0x08000153   Thumb Code     0  startup_stm32l152xc.o(.text)
    TIM10_IRQHandler                         0x08000153   Thumb Code     0  startup_stm32l152xc.o(.text)
    TIM11_IRQHandler                         0x08000153   Thumb Code     0  startup_stm32l152xc.o(.text)
    TIM2_IRQHandler                          0x08000153   Thumb Code     0  startup_stm32l152xc.o(.text)
    TIM4_IRQHandler                          0x08000153   Thumb Code     0  startup_stm32l152xc.o(.text)
    TIM5_IRQHandler                          0x08000153   Thumb Code     0  startup_stm32l152xc.o(.text)
    TIM6_IRQHandler                          0x08000153   Thumb Code     0  startup_stm32l152xc.o(.text)
    TIM7_IRQHandler                          0x08000153   Thumb Code     0  startup_stm32l152xc.o(.text)
    TIM9_IRQHandler                          0x08000153   Thumb Code     0  startup_stm32l152xc.o(.text)
    USB_FS_WKUP_IRQHandler                   0x08000153   Thumb Code     0  startup_stm32l152xc.o(.text)
    USB_HP_IRQHandler                        0x08000153   Thumb Code     0  startup_stm32l152xc.o(.text)
    USB_LP_IRQHandler                        0x08000153   Thumb Code     0  startup_stm32l152xc.o(.text)
    WWDG_IRQHandler                          0x08000153   Thumb Code     0  startup_stm32l152xc.o(.text)
    __aeabi_memcpy                           0x0800015d   Thumb Code    36  memcpya.o(.text)
    __aeabi_memcpy4                          0x0800015d   Thumb Code     0  memcpya.o(.text)
    __aeabi_memcpy8                          0x0800015d   Thumb Code     0  memcpya.o(.text)
    __aeabi_memset                           0x08000181   Thumb Code    14  memseta.o(.text)
    __aeabi_memset4                          0x08000181   Thumb Code     0  memseta.o(.text)
    __aeabi_memset8                          0x08000181   Thumb Code     0  memseta.o(.text)
    __aeabi_memclr                           0x0800018f   Thumb Code     4  memseta.o(.text)
    __aeabi_memclr4                          0x0800018f   Thumb Code     0  memseta.o(.text)
    __aeabi_memclr8                          0x0800018f   Thumb Code     0  memseta.o(.text)
    _memset$wrapper                          0x08000193   Thumb Code    18  memseta.o(.text)
    strstr                                   0x080001a5   Thumb Code    36  strstr.o(.text)
    strlen                                   0x080001c9   Thumb Code    14  strlen.o(.text)
    strcpy                                   0x080001d7   Thumb Code    18  strcpy.o(.text)
    __aeabi_fdiv                             0x080001e9   Thumb Code   124  fdiv.o(.text)
    __aeabi_ddiv                             0x08000265   Thumb Code   222  ddiv.o(.text)
    __aeabi_i2f                              0x08000343   Thumb Code    18  fflti.o(.text)
    __aeabi_ui2f                             0x08000355   Thumb Code    10  ffltui.o(.text)
    __aeabi_ui2d                             0x0800035f   Thumb Code    26  dfltui.o(.text)
    __aeabi_d2uiz                            0x08000379   Thumb Code    50  dfixui.o(.text)
    __aeabi_f2d                              0x080003ab   Thumb Code    38  f2d.o(.text)
    __aeabi_uidiv                            0x080003d1   Thumb Code     0  uidiv.o(.text)
    __aeabi_uidivmod                         0x080003d1   Thumb Code    44  uidiv.o(.text)
    __aeabi_uldivmod                         0x080003fd   Thumb Code    98  uldiv.o(.text)
    __aeabi_llsr                             0x0800045f   Thumb Code    32  llushr.o(.text)
    _ll_ushift_r                             0x0800045f   Thumb Code     0  llushr.o(.text)
    __I$use$fp                               0x0800047f   Thumb Code     0  iusefp.o(.text)
    _float_round                             0x0800047f   Thumb Code    18  fepilogue.o(.text)
    _float_epilogue                          0x08000491   Thumb Code    92  fepilogue.o(.text)
    _double_round                            0x080004ed   Thumb Code    30  depilogue.o(.text)
    _double_epilogue                         0x0800050b   Thumb Code   156  depilogue.o(.text)
    __aeabi_dadd                             0x080005a7   Thumb Code   322  dadd.o(.text)
    __aeabi_dsub                             0x080006e9   Thumb Code     6  dadd.o(.text)
    __aeabi_drsub                            0x080006ef   Thumb Code     6  dadd.o(.text)
    __aeabi_dmul                             0x080006f5   Thumb Code   228  dmul.o(.text)
    __aeabi_d2ulz                            0x080007d9   Thumb Code    48  dfixul.o(.text)
    __aeabi_cdrcmple                         0x08000809   Thumb Code    48  cdrcmple.o(.text)
    __scatterload                            0x08000839   Thumb Code    28  init.o(.text)
    __scatterload_rt2                        0x08000839   Thumb Code     0  init.o(.text)
    __aeabi_llsl                             0x0800085d   Thumb Code    30  llshl.o(.text)
    _ll_shift_l                              0x0800085d   Thumb Code     0  llshl.o(.text)
    __aeabi_lasr                             0x0800087b   Thumb Code    36  llsshr.o(.text)
    _ll_sshift_r                             0x0800087b   Thumb Code     0  llsshr.o(.text)
    ADC_Enable                               0x08000925   Thumb Code   108  stm32l1xx_hal_adc.o(i.ADC_Enable)
    ADC_Module_Testing                       0x08000999   Thumb Code   104  plog_app.o(i.ADC_Module_Testing)
    AM2301_Module_Testing                    0x08000a89   Thumb Code   116  plog_app.o(i.AM2301_Module_Testing)
    AM2301_PIN_IN                            0x08000b7d   Thumb Code    24  am2301_hal.o(i.AM2301_PIN_IN)
    AM2301_PIN_OUT                           0x08000b99   Thumb Code    30  am2301_hal.o(i.AM2301_PIN_OUT)
    AM2301_Read                              0x08000bbd   Thumb Code   408  am2301_hal.o(i.AM2301_Read)
    CtrLed                                   0x08000d59   Thumb Code    70  led.o(i.CtrLed)
    DMA1_Channel1_IRQHandler                 0x08000dad   Thumb Code     6  stm32l1xx_it.o(i.DMA1_Channel1_IRQHandler)
    DMA1_Channel2_IRQHandler                 0x08000db9   Thumb Code     6  stm32l1xx_it.o(i.DMA1_Channel2_IRQHandler)
    DMA1_Channel3_IRQHandler                 0x08000dc5   Thumb Code     6  stm32l1xx_it.o(i.DMA1_Channel3_IRQHandler)
    DMA1_Channel4_IRQHandler                 0x08000dd1   Thumb Code     6  stm32l1xx_it.o(i.DMA1_Channel4_IRQHandler)
    DMA1_Channel5_IRQHandler                 0x08000ddd   Thumb Code     6  stm32l1xx_it.o(i.DMA1_Channel5_IRQHandler)
    DMA1_Channel6_IRQHandler                 0x08000de9   Thumb Code     6  stm32l1xx_it.o(i.DMA1_Channel6_IRQHandler)
    DMA1_Channel7_IRQHandler                 0x08000df5   Thumb Code     6  stm32l1xx_it.o(i.DMA1_Channel7_IRQHandler)
    DWT_Delay_Init                           0x08000e2d   Thumb Code    58  dwt_stm32_delay.o(i.DWT_Delay_Init)
    Demo_App                                 0x08000e9d   Thumb Code   266  plog_app.o(i.Demo_App)
    GSM_Module_Testing                       0x080010c5   Thumb Code   296  plog_app.o(i.GSM_Module_Testing)
    HAL_ADC_ConfigChannel                    0x080012f9   Thumb Code   316  stm32l1xx_hal_adc.o(i.HAL_ADC_ConfigChannel)
    HAL_ADC_ConvCpltCallback                 0x08001441   Thumb Code     2  stm32l1xx_hal_adc.o(i.HAL_ADC_ConvCpltCallback)
    HAL_ADC_ConvHalfCpltCallback             0x08001443   Thumb Code     2  stm32l1xx_hal_adc.o(i.HAL_ADC_ConvHalfCpltCallback)
    HAL_ADC_ErrorCallback                    0x08001445   Thumb Code     2  stm32l1xx_hal_adc.o(i.HAL_ADC_ErrorCallback)
    HAL_ADC_Init                             0x08001449   Thumb Code   390  stm32l1xx_hal_adc.o(i.HAL_ADC_Init)
    HAL_ADC_MspInit                          0x080015e5   Thumb Code   132  adc.o(i.HAL_ADC_MspInit)
    HAL_ADC_Start_DMA                        0x08001695   Thumb Code   184  stm32l1xx_hal_adc.o(i.HAL_ADC_Start_DMA)
    HAL_DMA_IRQHandler                       0x08001759   Thumb Code   168  stm32l1xx_hal_dma.o(i.HAL_DMA_IRQHandler)
    HAL_DMA_Init                             0x08001801   Thumb Code   120  stm32l1xx_hal_dma.o(i.HAL_DMA_Init)
    HAL_DMA_Start_IT                         0x08001885   Thumb Code   112  stm32l1xx_hal_dma.o(i.HAL_DMA_Start_IT)
    HAL_Delay                                0x080018f5   Thumb Code    22  stm32l1xx_hal.o(i.HAL_Delay)
    HAL_GPIO_Init                            0x0800190d   Thumb Code   364  stm32l1xx_hal_gpio.o(i.HAL_GPIO_Init)
    HAL_GPIO_ReadPin                         0x08001a99   Thumb Code    10  stm32l1xx_hal_gpio.o(i.HAL_GPIO_ReadPin)
    HAL_GPIO_TogglePin                       0x08001aa3   Thumb Code     8  stm32l1xx_hal_gpio.o(i.HAL_GPIO_TogglePin)
    HAL_GPIO_WritePin                        0x08001aab   Thumb Code    10  stm32l1xx_hal_gpio.o(i.HAL_GPIO_WritePin)
    HAL_GetTick                              0x08001ab5   Thumb Code     6  stm32l1xx_hal.o(i.HAL_GetTick)
    HAL_IncTick                              0x08001ac1   Thumb Code    10  stm32l1xx_hal.o(i.HAL_IncTick)
    HAL_Init                                 0x08001ad1   Thumb Code    22  stm32l1xx_hal.o(i.HAL_Init)
    HAL_InitTick                             0x08001ae9   Thumb Code    34  stm32l1xx_hal.o(i.HAL_InitTick)
    HAL_MspInit                              0x08001b11   Thumb Code   140  stm32l1xx_hal_msp.o(i.HAL_MspInit)
    HAL_NVIC_EnableIRQ                       0x08001ba1   Thumb Code    22  stm32l1xx_hal_cortex.o(i.HAL_NVIC_EnableIRQ)
    HAL_NVIC_SetPriority                     0x08001bb9   Thumb Code    60  stm32l1xx_hal_cortex.o(i.HAL_NVIC_SetPriority)
    HAL_NVIC_SetPriorityGrouping             0x08001bf9   Thumb Code    26  stm32l1xx_hal_cortex.o(i.HAL_NVIC_SetPriorityGrouping)
    HAL_PWREx_EnableFastWakeUp               0x08001c1d   Thumb Code    20  stm32l1xx_hal_pwr_ex.o(i.HAL_PWREx_EnableFastWakeUp)
    HAL_PWREx_EnableUltraLowPower            0x08001c35   Thumb Code    20  stm32l1xx_hal_pwr_ex.o(i.HAL_PWREx_EnableUltraLowPower)
    HAL_PWR_EnterSTANDBYMode                 0x08001c4d   Thumb Code    24  stm32l1xx_hal_pwr.o(i.HAL_PWR_EnterSTANDBYMode)
    HAL_RCCEx_PeriphCLKConfig                0x08001c6d   Thumb Code   378  stm32l1xx_hal_rcc_ex.o(i.HAL_RCCEx_PeriphCLKConfig)
    HAL_RCC_ClockConfig                      0x08001df5   Thumb Code   450  stm32l1xx_hal_rcc.o(i.HAL_RCC_ClockConfig)
    HAL_RCC_GetHCLKFreq                      0x08001fc9   Thumb Code     6  stm32l1xx_hal_rcc.o(i.HAL_RCC_GetHCLKFreq)
    HAL_RCC_GetPCLK1Freq                     0x08001fd5   Thumb Code    34  stm32l1xx_hal_rcc.o(i.HAL_RCC_GetPCLK1Freq)
    HAL_RCC_GetPCLK2Freq                     0x08002005   Thumb Code    34  stm32l1xx_hal_rcc.o(i.HAL_RCC_GetPCLK2Freq)
    HAL_RCC_GetSysClockFreq                  0x08002035   Thumb Code   122  stm32l1xx_hal_rcc.o(i.HAL_RCC_GetSysClockFreq)
    HAL_RCC_OscConfig                        0x080020c1   Thumb Code  1860  stm32l1xx_hal_rcc.o(i.HAL_RCC_OscConfig)
    HAL_RTCEx_BKUPRead                       0x08002811   Thumb Code    10  stm32l1xx_hal_rtc_ex.o(i.HAL_RTCEx_BKUPRead)
    HAL_RTCEx_BKUPWrite                      0x0800281b   Thumb Code    10  stm32l1xx_hal_rtc_ex.o(i.HAL_RTCEx_BKUPWrite)
    HAL_RTCEx_DeactivateWakeUpTimer          0x08002825   Thumb Code   122  stm32l1xx_hal_rtc_ex.o(i.HAL_RTCEx_DeactivateWakeUpTimer)
    HAL_RTCEx_SetWakeUpTimer_IT              0x080028a1   Thumb Code   242  stm32l1xx_hal_rtc_ex.o(i.HAL_RTCEx_SetWakeUpTimer_IT)
    HAL_RTCEx_WakeUpTimerEventCallback       0x08002999   Thumb Code     2  stm32l1xx_hal_rtc_ex.o(i.HAL_RTCEx_WakeUpTimerEventCallback)
    HAL_RTCEx_WakeUpTimerIRQHandler          0x0800299d   Thumb Code    46  stm32l1xx_hal_rtc_ex.o(i.HAL_RTCEx_WakeUpTimerIRQHandler)
    HAL_RTC_Init                             0x080029d1   Thumb Code   150  stm32l1xx_hal_rtc.o(i.HAL_RTC_Init)
    HAL_RTC_MspInit                          0x08002a6d   Thumb Code    32  rtc.o(i.HAL_RTC_MspInit)
    HAL_RTC_SetDate                          0x08002a95   Thumb Code   196  stm32l1xx_hal_rtc.o(i.HAL_RTC_SetDate)
    HAL_RTC_SetTime                          0x08002b5d   Thumb Code   228  stm32l1xx_hal_rtc.o(i.HAL_RTC_SetTime)
    HAL_RTC_WaitForSynchro                   0x08002c45   Thumb Code    58  stm32l1xx_hal_rtc_ex.o(i.HAL_RTC_WaitForSynchro)
    HAL_SYSTICK_CLKSourceConfig              0x08002c7f   Thumb Code    24  stm32l1xx_hal_cortex.o(i.HAL_SYSTICK_CLKSourceConfig)
    HAL_SYSTICK_Callback                     0x08002c97   Thumb Code     2  stm32l1xx_hal_cortex.o(i.HAL_SYSTICK_Callback)
    HAL_SYSTICK_Config                       0x08002c99   Thumb Code    40  stm32l1xx_hal_cortex.o(i.HAL_SYSTICK_Config)
    HAL_SYSTICK_IRQHandler                   0x08002cc1   Thumb Code     8  stm32l1xx_hal_cortex.o(i.HAL_SYSTICK_IRQHandler)
    HAL_TIMEx_MasterConfigSynchronization    0x08002cc9   Thumb Code    80  stm32l1xx_hal_tim_ex.o(i.HAL_TIMEx_MasterConfigSynchronization)
    HAL_TIM_Base_Init                        0x08002d19   Thumb Code    54  stm32l1xx_hal_tim.o(i.HAL_TIM_Base_Init)
    HAL_TIM_Base_MspInit                     0x08002d51   Thumb Code    50  tim.o(i.HAL_TIM_Base_MspInit)
    HAL_TIM_Base_Start_IT                    0x08002d8d   Thumb Code    24  stm32l1xx_hal_tim.o(i.HAL_TIM_Base_Start_IT)
    HAL_TIM_ConfigClockSource                0x08002da5   Thumb Code   242  stm32l1xx_hal_tim.o(i.HAL_TIM_ConfigClockSource)
    HAL_TIM_IC_CaptureCallback               0x08002e97   Thumb Code     2  stm32l1xx_hal_tim.o(i.HAL_TIM_IC_CaptureCallback)
    HAL_TIM_IRQHandler                       0x08002e99   Thumb Code   294  stm32l1xx_hal_tim.o(i.HAL_TIM_IRQHandler)
    HAL_TIM_OC_DelayElapsedCallback          0x08002fbf   Thumb Code     2  stm32l1xx_hal_tim.o(i.HAL_TIM_OC_DelayElapsedCallback)
    HAL_TIM_PWM_PulseFinishedCallback        0x08002fc1   Thumb Code     2  stm32l1xx_hal_tim.o(i.HAL_TIM_PWM_PulseFinishedCallback)
    HAL_TIM_PeriodElapsedCallback            0x08002fc5   Thumb Code    24  tim.o(i.HAL_TIM_PeriodElapsedCallback)
    HAL_TIM_TriggerCallback                  0x08002fe5   Thumb Code     2  stm32l1xx_hal_tim.o(i.HAL_TIM_TriggerCallback)
    HAL_UART_ErrorCallback                   0x08002fe7   Thumb Code     2  stm32l1xx_hal_uart.o(i.HAL_UART_ErrorCallback)
    HAL_UART_IRQHandler                      0x08002fe9   Thumb Code   218  stm32l1xx_hal_uart.o(i.HAL_UART_IRQHandler)
    HAL_UART_Init                            0x080030c3   Thumb Code    94  stm32l1xx_hal_uart.o(i.HAL_UART_Init)
    HAL_UART_MspInit                         0x08003121   Thumb Code   540  usart.o(i.HAL_UART_MspInit)
    HAL_UART_Receive_DMA                     0x08003371   Thumb Code   122  stm32l1xx_hal_uart.o(i.HAL_UART_Receive_DMA)
    HAL_UART_RxCpltCallback                  0x080033f9   Thumb Code   178  usart.o(i.HAL_UART_RxCpltCallback)
    HAL_UART_RxHalfCpltCallback              0x080034f1   Thumb Code     2  stm32l1xx_hal_uart.o(i.HAL_UART_RxHalfCpltCallback)
    HAL_UART_Transmit                        0x080034f5   Thumb Code   204  stm32l1xx_hal_uart.o(i.HAL_UART_Transmit)
    HAL_UART_TxCpltCallback                  0x080035c1   Thumb Code     2  stm32l1xx_hal_uart.o(i.HAL_UART_TxCpltCallback)
    Hardware_Testing_App                     0x080035c5   Thumb Code   196  plog_app.o(i.Hardware_Testing_App)
    LedCtr                                   0x080038c1   Thumb Code    56  led.o(i.LedCtr)
    LedSetStatus                             0x080038f9   Thumb Code    18  led.o(i.LedSetStatus)
    MX_ADC_Init                              0x0800390d   Thumb Code   246  adc.o(i.MX_ADC_Init)
    MX_DMA_Init                              0x08003a1d   Thumb Code   136  dma.o(i.MX_DMA_Init)
    MX_GPIO_Init                             0x08003aa9   Thumb Code   318  gpio.o(i.MX_GPIO_Init)
    MX_RTC_Init                              0x08003c01   Thumb Code   158  rtc.o(i.MX_RTC_Init)
    MX_TIM3_Init                             0x08003cb9   Thumb Code    92  tim.o(i.MX_TIM3_Init)
    MX_USART1_UART_Init                      0x08003d2d   Thumb Code    52  usart.o(i.MX_USART1_UART_Init)
    MX_USART2_UART_Init                      0x08003d79   Thumb Code    52  usart.o(i.MX_USART2_UART_Init)
    MX_USART3_UART_Init                      0x08003dc5   Thumb Code    52  usart.o(i.MX_USART3_UART_Init)
    RTC_Bcd2ToByte                           0x08003eb1   Thumb Code    18  stm32l1xx_hal_rtc.o(i.RTC_Bcd2ToByte)
    RTC_ByteToBcd2                           0x08003ec3   Thumb Code    22  stm32l1xx_hal_rtc.o(i.RTC_ByteToBcd2)
    RTC_EnterInitMode                        0x08003ed9   Thumb Code    58  stm32l1xx_hal_rtc.o(i.RTC_EnterInitMode)
    RTC_WKUP_IRQHandler                      0x08003f15   Thumb Code    18  stm32l1xx_it.o(i.RTC_WKUP_IRQHandler)
    SIM_AT_Sync                              0x08003f59   Thumb Code    48  bgs2_hal_dv.o(i.SIM_AT_Sync)
    SIM_Check_Account                        0x08003fd5   Thumb Code   124  bgs2_hal_app.o(i.SIM_Check_Account)
    SIM_Check_Service                        0x08004089   Thumb Code   200  bgs2_hal_dv.o(i.SIM_Check_Service)
    SIM_Gprs_On                              0x08004225   Thumb Code   360  bgs2_hal_dv.o(i.SIM_Gprs_On)
    SIM_Reset                                0x0800455d   Thumb Code   114  bgs2_hal_dv.o(i.SIM_Reset)
    SIM_Startup                              0x080045fd   Thumb Code    96  bgs2_hal_dv.o(i.SIM_Startup)
    SIM_sendATcommand                        0x08004695   Thumb Code   154  bgs2_hal_dv.o(i.SIM_sendATcommand)
    SysTick_Handler                          0x0800479d   Thumb Code    14  stm32l1xx_it.o(i.SysTick_Handler)
    SystemClock_Config                       0x080047ad   Thumb Code   156  main.o(i.SystemClock_Config)
    SystemInit                               0x0800485d   Thumb Code    62  system_stm32l1xx.o(i.SystemInit)
    TIM3_IRQHandler                          0x080048ad   Thumb Code     6  stm32l1xx_it.o(i.TIM3_IRQHandler)
    USART1_IRQHandler                        0x08004e3d   Thumb Code     6  stm32l1xx_it.o(i.USART1_IRQHandler)
    USART2_IRQHandler                        0x08004e49   Thumb Code     6  stm32l1xx_it.o(i.USART2_IRQHandler)
    USART3_IRQHandler                        0x08004e55   Thumb Code     6  stm32l1xx_it.o(i.USART3_IRQHandler)
    User_Config                              0x08004e61   Thumb Code   420  device_user_config_app.o(i.User_Config)
    _Error_Handler                           0x080052cd   Thumb Code    76  main.o(i._Error_Handler)
    __0printf                                0x0800534d   Thumb Code    22  printfa.o(i.__0printf)
    __1printf                                0x0800534d   Thumb Code     0  printfa.o(i.__0printf)
    __2printf                                0x0800534d   Thumb Code     0  printfa.o(i.__0printf)
    __c89printf                              0x0800534d   Thumb Code     0  printfa.o(i.__0printf)
    printf                                   0x0800534d   Thumb Code     0  printfa.o(i.__0printf)
    __0snprintf                              0x0800536d   Thumb Code    36  printfa.o(i.__0snprintf)
    __1snprintf                              0x0800536d   Thumb Code     0  printfa.o(i.__0snprintf)
    __2snprintf                              0x0800536d   Thumb Code     0  printfa.o(i.__0snprintf)
    __c89snprintf                            0x0800536d   Thumb Code     0  printfa.o(i.__0snprintf)
    snprintf                                 0x0800536d   Thumb Code     0  printfa.o(i.__0snprintf)
    __scatterload_copy                       0x08005395   Thumb Code    14  handlers.o(i.__scatterload_copy)
    __scatterload_null                       0x080053a3   Thumb Code     2  handlers.o(i.__scatterload_null)
    __scatterload_zeroinit                   0x080053a5   Thumb Code    14  handlers.o(i.__scatterload_zeroinit)
    enter_stanby_mode                        0x08005c5d   Thumb Code    72  pwr_standby_rtc_wkup.o(i.enter_stanby_mode)
    fputc                                    0x08005cb5   Thumb Code    20  usart.o(i.fputc)
    main                                     0x08005ccd   Thumb Code   378  main.o(i.main)
    modem_send_http_request                  0x0800602d   Thumb Code   422  bgs2_hal_app.o(i.modem_send_http_request)
    putc                                     0x0800636d   Thumb Code     4  putc.o(i.putc)
    user_strcmp                              0x08006371   Thumb Code    56  bgs2_hal_dv.o(i.user_strcmp)
    PLLMulTable                              0x080063a8   Data           9  system_stm32l1xx.o(.constdata)
    AHBPrescTable                            0x080063b1   Data          16  system_stm32l1xx.o(.constdata)
    APBPrescTable                            0x080063c1   Data           8  system_stm32l1xx.o(.constdata)
    Region$$Table$$Base                      0x08006588   Number         0  anon$$obj.o(Region$$Table)
    Region$$Table$$Limit                     0x080065a8   Number         0  anon$$obj.o(Region$$Table)
    uwTick                                   0x20000000   Data           4  stm32l1xx_hal.o(.data)
    SystemCoreClock                          0x20000004   Data           4  system_stm32l1xx.o(.data)
    timer3Cnt                                0x20000008   Data           4  tim.o(.data)
    DBG_RX_index                             0x2000000c   Data           1  usart.o(.data)
    DBG_RX_byte                              0x2000000d   Data           1  usart.o(.data)
    DBG_Transfer_cplt                        0x2000000e   Data           1  usart.o(.data)
    error_counting                           0x2000000f   Data           1  main.o(.data)
    GSM_Transfer_cplt                        0x20000028   Data           1  bgs2_hal_dv.o(.data)
    get_n                                    0x20000029   Data           1  bgs2_hal_dv.o(.data)
    GSM_send_error                           0x2000002a   Data           1  bgs2_hal_dv.o(.data)
    en_receive_response                      0x2000002b   Data           1  bgs2_hal_dv.o(.data)
    gsm                                      0x2000002c   Data           1  bgs2_hal_dv.o(.data)
    gsm_buff_count                           0x2000002e   Data           2  bgs2_hal_dv.o(.data)
    GSM_RX_byte                              0x20000030   Data           1  bgs2_hal_dv.o(.data)
    GSM_RX_indx                              0x20000031   Data           1  bgs2_hal_dv.o(.data)
    __stdout                                 0x20000034   Data           4  stdout.o(.data)
    htim3                                    0x20000038   Data          56  tim.o(.bss)
    DBG_RX_Buffer                            0x20000070   Data         100  usart.o(.bss)
    huart1                                   0x200000d4   Data          64  usart.o(.bss)
    huart2                                   0x20000114   Data          64  usart.o(.bss)
    huart3                                   0x20000154   Data          64  usart.o(.bss)
    hdma_usart1_rx                           0x20000194   Data          68  usart.o(.bss)
    hdma_usart1_tx                           0x200001d8   Data          68  usart.o(.bss)
    hdma_usart2_rx                           0x2000021c   Data          68  usart.o(.bss)
    hdma_usart2_tx                           0x20000260   Data          68  usart.o(.bss)
    hdma_usart3_rx                           0x200002a4   Data          68  usart.o(.bss)
    hdma_usart3_tx                           0x200002e8   Data          68  usart.o(.bss)
    PlogInfo                                 0x2000032c   Data          16  main.o(.bss)
    hrtc                                     0x2000033c   Data          32  rtc.o(.bss)
    adc_val                                  0x2000035c   Data          14  adc.o(.bss)
    hadc                                     0x2000036c   Data          84  adc.o(.bss)
    hdma_adc                                 0x200003c0   Data          68  adc.o(.bss)
    led_run                                  0x20000404   Data          20  led.o(.bss)
    GSM_RX_Buffer                            0x20000418   Data         100  bgs2_hal_dv.o(.bss)
    SIM_Buff                                 0x2000047c   Data        1024  bgs2_hal_dv.o(.bss)
    __initial_sp                             0x20000c80   Data           0  startup_stm32l152xc.o(STACK)



==============================================================================

Memory Map of the image

  Image Entry point : 0x08000125

  Load Region LR_IROM1 (Base: 0x08000000, Size: 0x000065e0, Max: 0x00040000, ABSOLUTE)

    Execution Region ER_IROM1 (Base: 0x08000000, Size: 0x000065a8, Max: 0x00040000, ABSOLUTE)

    Base Addr    Size         Type   Attr      Idx    E Section Name        Object

    0x08000000   0x00000124   Data   RO            3    RESET               startup_stm32l152xc.o
    0x08000124   0x00000000   Code   RO         3708  * .ARM.Collect$$$$00000000  mc_w.l(entry.o)
    0x08000124   0x00000004   Code   RO         4001    .ARM.Collect$$$$00000001  mc_w.l(entry2.o)
    0x08000128   0x00000004   Code   RO         4004    .ARM.Collect$$$$00000004  mc_w.l(entry5.o)
    0x0800012c   0x00000000   Code   RO         4006    .ARM.Collect$$$$00000008  mc_w.l(entry7b.o)
    0x0800012c   0x00000000   Code   RO         4008    .ARM.Collect$$$$0000000A  mc_w.l(entry8b.o)
    0x0800012c   0x00000008   Code   RO         4009    .ARM.Collect$$$$0000000B  mc_w.l(entry9a.o)
    0x08000134   0x00000000   Code   RO         4011    .ARM.Collect$$$$0000000D  mc_w.l(entry10a.o)
    0x08000134   0x00000000   Code   RO         4013    .ARM.Collect$$$$0000000F  mc_w.l(entry11a.o)
    0x08000134   0x00000004   Code   RO         4002    .ARM.Collect$$$$00002712  mc_w.l(entry2.o)
    0x08000138   0x00000024   Code   RO            4    .text               startup_stm32l152xc.o
    0x0800015c   0x00000024   Code   RO         3714    .text               mc_w.l(memcpya.o)
    0x08000180   0x00000024   Code   RO         3716    .text               mc_w.l(memseta.o)
    0x080001a4   0x00000024   Code   RO         3718    .text               mc_w.l(strstr.o)
    0x080001c8   0x0000000e   Code   RO         3720    .text               mc_w.l(strlen.o)
    0x080001d6   0x00000012   Code   RO         3722    .text               mc_w.l(strcpy.o)
    0x080001e8   0x0000007c   Code   RO         3987    .text               mf_w.l(fdiv.o)
    0x08000264   0x000000de   Code   RO         3989    .text               mf_w.l(ddiv.o)
    0x08000342   0x00000012   Code   RO         3991    .text               mf_w.l(fflti.o)
    0x08000354   0x0000000a   Code   RO         3993    .text               mf_w.l(ffltui.o)
    0x0800035e   0x0000001a   Code   RO         3995    .text               mf_w.l(dfltui.o)
    0x08000378   0x00000032   Code   RO         3997    .text               mf_w.l(dfixui.o)
    0x080003aa   0x00000026   Code   RO         3999    .text               mf_w.l(f2d.o)
    0x080003d0   0x0000002c   Code   RO         4015    .text               mc_w.l(uidiv.o)
    0x080003fc   0x00000062   Code   RO         4017    .text               mc_w.l(uldiv.o)
    0x0800045e   0x00000020   Code   RO         4019    .text               mc_w.l(llushr.o)
    0x0800047e   0x00000000   Code   RO         4021    .text               mc_w.l(iusefp.o)
    0x0800047e   0x0000006e   Code   RO         4022    .text               mf_w.l(fepilogue.o)
    0x080004ec   0x000000ba   Code   RO         4024    .text               mf_w.l(depilogue.o)
    0x080005a6   0x0000014e   Code   RO         4026    .text               mf_w.l(dadd.o)
    0x080006f4   0x000000e4   Code   RO         4028    .text               mf_w.l(dmul.o)
    0x080007d8   0x00000030   Code   RO         4030    .text               mf_w.l(dfixul.o)
    0x08000808   0x00000030   Code   RO         4032    .text               mf_w.l(cdrcmple.o)
    0x08000838   0x00000024   Code   RO         4034    .text               mc_w.l(init.o)
    0x0800085c   0x0000001e   Code   RO         4036    .text               mc_w.l(llshl.o)
    0x0800087a   0x00000024   Code   RO         4038    .text               mc_w.l(llsshr.o)
    0x0800089e   0x00000062   Code   RO         2565    i.ADC_DMAConvCplt   stm32l1xx_hal_adc.o
    0x08000900   0x0000001a   Code   RO         2566    i.ADC_DMAError      stm32l1xx_hal_adc.o
    0x0800091a   0x0000000a   Code   RO         2567    i.ADC_DMAHalfConvCplt  stm32l1xx_hal_adc.o
    0x08000924   0x00000074   Code   RO         2568    i.ADC_Enable        stm32l1xx_hal_adc.o
    0x08000998   0x000000f0   Code   RO         3554    i.ADC_Module_Testing  plog_app.o
    0x08000a88   0x000000f4   Code   RO         3555    i.AM2301_Module_Testing  plog_app.o
    0x08000b7c   0x0000001c   Code   RO         3644    i.AM2301_PIN_IN     am2301_hal.o
    0x08000b98   0x00000024   Code   RO         3645    i.AM2301_PIN_OUT    am2301_hal.o
    0x08000bbc   0x0000019c   Code   RO         3646    i.AM2301_Read       am2301_hal.o
    0x08000d58   0x00000054   Code   RO         3289    i.CtrLed            led.o
    0x08000dac   0x0000000c   Code   RO         3189    i.DMA1_Channel1_IRQHandler  stm32l1xx_it.o
    0x08000db8   0x0000000c   Code   RO         3190    i.DMA1_Channel2_IRQHandler  stm32l1xx_it.o
    0x08000dc4   0x0000000c   Code   RO         3191    i.DMA1_Channel3_IRQHandler  stm32l1xx_it.o
    0x08000dd0   0x0000000c   Code   RO         3192    i.DMA1_Channel4_IRQHandler  stm32l1xx_it.o
    0x08000ddc   0x0000000c   Code   RO         3193    i.DMA1_Channel5_IRQHandler  stm32l1xx_it.o
    0x08000de8   0x0000000c   Code   RO         3194    i.DMA1_Channel6_IRQHandler  stm32l1xx_it.o
    0x08000df4   0x0000000c   Code   RO         3195    i.DMA1_Channel7_IRQHandler  stm32l1xx_it.o
    0x08000e00   0x0000002a   Code   RO          236    i.DMA_SetConfig     stm32l1xx_hal_dma.o
    0x08000e2a   0x00000002   PAD
    0x08000e2c   0x00000044   Code   RO         3687    i.DWT_Delay_Init    dwt_stm32_delay.o
    0x08000e70   0x0000002c   Code   RO         3647    i.DWT_Delay_us      am2301_hal.o
    0x08000e9c   0x00000228   Code   RO         3556    i.Demo_App          plog_app.o
    0x080010c4   0x00000234   Code   RO         3557    i.GSM_Module_Testing  plog_app.o
    0x080012f8   0x00000148   Code   RO         2570    i.HAL_ADC_ConfigChannel  stm32l1xx_hal_adc.o
    0x08001440   0x00000002   Code   RO         2571    i.HAL_ADC_ConvCpltCallback  stm32l1xx_hal_adc.o
    0x08001442   0x00000002   Code   RO         2572    i.HAL_ADC_ConvHalfCpltCallback  stm32l1xx_hal_adc.o
    0x08001444   0x00000002   Code   RO         2574    i.HAL_ADC_ErrorCallback  stm32l1xx_hal_adc.o
    0x08001446   0x00000002   PAD
    0x08001448   0x0000019c   Code   RO         2579    i.HAL_ADC_Init      stm32l1xx_hal_adc.o
    0x080015e4   0x000000b0   Code   RO         3147    i.HAL_ADC_MspInit   adc.o
    0x08001694   0x000000c4   Code   RO         2586    i.HAL_ADC_Start_DMA  stm32l1xx_hal_adc.o
    0x08001758   0x000000a8   Code   RO          242    i.HAL_DMA_IRQHandler  stm32l1xx_hal_dma.o
    0x08001800   0x00000084   Code   RO          243    i.HAL_DMA_Init      stm32l1xx_hal_dma.o
    0x08001884   0x00000070   Code   RO          247    i.HAL_DMA_Start_IT  stm32l1xx_hal_dma.o
    0x080018f4   0x00000016   Code   RO         1383    i.HAL_Delay         stm32l1xx_hal.o
    0x0800190a   0x00000002   PAD
    0x0800190c   0x0000018c   Code   RO          948    i.HAL_GPIO_Init     stm32l1xx_hal_gpio.o
    0x08001a98   0x0000000a   Code   RO          950    i.HAL_GPIO_ReadPin  stm32l1xx_hal_gpio.o
    0x08001aa2   0x00000008   Code   RO          951    i.HAL_GPIO_TogglePin  stm32l1xx_hal_gpio.o
    0x08001aaa   0x0000000a   Code   RO          952    i.HAL_GPIO_WritePin  stm32l1xx_hal_gpio.o
    0x08001ab4   0x0000000c   Code   RO         1387    i.HAL_GetTick       stm32l1xx_hal.o
    0x08001ac0   0x00000010   Code   RO         1388    i.HAL_IncTick       stm32l1xx_hal.o
    0x08001ad0   0x00000016   Code   RO         1389    i.HAL_Init          stm32l1xx_hal.o
    0x08001ae6   0x00000002   PAD
    0x08001ae8   0x00000028   Code   RO         1390    i.HAL_InitTick      stm32l1xx_hal.o
    0x08001b10   0x00000090   Code   RO         2835    i.HAL_MspInit       stm32l1xx_hal_msp.o
    0x08001ba0   0x00000016   Code   RO          719    i.HAL_NVIC_EnableIRQ  stm32l1xx_hal_cortex.o
    0x08001bb6   0x00000002   PAD
    0x08001bb8   0x00000040   Code   RO          725    i.HAL_NVIC_SetPriority  stm32l1xx_hal_cortex.o
    0x08001bf8   0x00000024   Code   RO          726    i.HAL_NVIC_SetPriorityGrouping  stm32l1xx_hal_cortex.o
    0x08001c1c   0x00000018   Code   RO         2400    i.HAL_PWREx_EnableFastWakeUp  stm32l1xx_hal_pwr_ex.o
    0x08001c34   0x00000018   Code   RO         2402    i.HAL_PWREx_EnableUltraLowPower  stm32l1xx_hal_pwr_ex.o
    0x08001c4c   0x00000020   Code   RO           26    i.HAL_PWR_EnterSTANDBYMode  stm32l1xx_hal_pwr.o
    0x08001c6c   0x00000188   Code   RO          886    i.HAL_RCCEx_PeriphCLKConfig  stm32l1xx_hal_rcc_ex.o
    0x08001df4   0x000001d4   Code   RO          608    i.HAL_RCC_ClockConfig  stm32l1xx_hal_rcc.o
    0x08001fc8   0x0000000c   Code   RO          613    i.HAL_RCC_GetHCLKFreq  stm32l1xx_hal_rcc.o
    0x08001fd4   0x00000030   Code   RO          615    i.HAL_RCC_GetPCLK1Freq  stm32l1xx_hal_rcc.o
    0x08002004   0x00000030   Code   RO          616    i.HAL_RCC_GetPCLK2Freq  stm32l1xx_hal_rcc.o
    0x08002034   0x0000008c   Code   RO          617    i.HAL_RCC_GetSysClockFreq  stm32l1xx_hal_rcc.o
    0x080020c0   0x00000750   Code   RO          620    i.HAL_RCC_OscConfig  stm32l1xx_hal_rcc.o
    0x08002810   0x0000000a   Code   RO          332    i.HAL_RTCEx_BKUPRead  stm32l1xx_hal_rtc_ex.o
    0x0800281a   0x0000000a   Code   RO          333    i.HAL_RTCEx_BKUPWrite  stm32l1xx_hal_rtc_ex.o
    0x08002824   0x0000007a   Code   RO          339    i.HAL_RTCEx_DeactivateWakeUpTimer  stm32l1xx_hal_rtc_ex.o
    0x0800289e   0x00000002   PAD
    0x080028a0   0x000000f8   Code   RO          360    i.HAL_RTCEx_SetWakeUpTimer_IT  stm32l1xx_hal_rtc_ex.o
    0x08002998   0x00000002   Code   RO          366    i.HAL_RTCEx_WakeUpTimerEventCallback  stm32l1xx_hal_rtc_ex.o
    0x0800299a   0x00000002   PAD
    0x0800299c   0x00000034   Code   RO          367    i.HAL_RTCEx_WakeUpTimerIRQHandler  stm32l1xx_hal_rtc_ex.o
    0x080029d0   0x0000009c   Code   RO         2463    i.HAL_RTC_Init      stm32l1xx_hal_rtc.o
    0x08002a6c   0x00000028   Code   RO         3105    i.HAL_RTC_MspInit   rtc.o
    0x08002a94   0x000000c8   Code   RO         2467    i.HAL_RTC_SetDate   stm32l1xx_hal_rtc.o
    0x08002b5c   0x000000e8   Code   RO         2468    i.HAL_RTC_SetTime   stm32l1xx_hal_rtc.o
    0x08002c44   0x0000003a   Code   RO          373    i.HAL_RTC_WaitForSynchro  stm32l1xx_hal_rtc_ex.o
    0x08002c7e   0x00000018   Code   RO          728    i.HAL_SYSTICK_CLKSourceConfig  stm32l1xx_hal_cortex.o
    0x08002c96   0x00000002   Code   RO          729    i.HAL_SYSTICK_Callback  stm32l1xx_hal_cortex.o
    0x08002c98   0x00000028   Code   RO          730    i.HAL_SYSTICK_Config  stm32l1xx_hal_cortex.o
    0x08002cc0   0x00000008   Code   RO          731    i.HAL_SYSTICK_IRQHandler  stm32l1xx_hal_cortex.o
    0x08002cc8   0x00000050   Code   RO          849    i.HAL_TIMEx_MasterConfigSynchronization  stm32l1xx_hal_tim_ex.o
    0x08002d18   0x00000036   Code   RO         1513    i.HAL_TIM_Base_Init  stm32l1xx_hal_tim.o
    0x08002d4e   0x00000002   PAD
    0x08002d50   0x0000003c   Code   RO         2780    i.HAL_TIM_Base_MspInit  tim.o
    0x08002d8c   0x00000018   Code   RO         1518    i.HAL_TIM_Base_Start_IT  stm32l1xx_hal_tim.o
    0x08002da4   0x000000f2   Code   RO         1522    i.HAL_TIM_ConfigClockSource  stm32l1xx_hal_tim.o
    0x08002e96   0x00000002   Code   RO         1542    i.HAL_TIM_IC_CaptureCallback  stm32l1xx_hal_tim.o
    0x08002e98   0x00000126   Code   RO         1555    i.HAL_TIM_IRQHandler  stm32l1xx_hal_tim.o
    0x08002fbe   0x00000002   Code   RO         1558    i.HAL_TIM_OC_DelayElapsedCallback  stm32l1xx_hal_tim.o
    0x08002fc0   0x00000002   Code   RO         1585    i.HAL_TIM_PWM_PulseFinishedCallback  stm32l1xx_hal_tim.o
    0x08002fc2   0x00000002   PAD
    0x08002fc4   0x00000020   Code   RO         2781    i.HAL_TIM_PeriodElapsedCallback  tim.o
    0x08002fe4   0x00000002   Code   RO         1596    i.HAL_TIM_TriggerCallback  stm32l1xx_hal_tim.o
    0x08002fe6   0x00000002   Code   RO         1151    i.HAL_UART_ErrorCallback  stm32l1xx_hal_uart.o
    0x08002fe8   0x000000da   Code   RO         1154    i.HAL_UART_IRQHandler  stm32l1xx_hal_uart.o
    0x080030c2   0x0000005e   Code   RO         1155    i.HAL_UART_Init     stm32l1xx_hal_uart.o
    0x08003120   0x00000250   Code   RO         2860    i.HAL_UART_MspInit  usart.o
    0x08003370   0x00000088   Code   RO         1159    i.HAL_UART_Receive_DMA  stm32l1xx_hal_uart.o
    0x080033f8   0x000000f8   Code   RO         2861    i.HAL_UART_RxCpltCallback  usart.o
    0x080034f0   0x00000002   Code   RO         1162    i.HAL_UART_RxHalfCpltCallback  stm32l1xx_hal_uart.o
    0x080034f2   0x00000002   PAD
    0x080034f4   0x000000cc   Code   RO         1163    i.HAL_UART_Transmit  stm32l1xx_hal_uart.o
    0x080035c0   0x00000002   Code   RO         1166    i.HAL_UART_TxCpltCallback  stm32l1xx_hal_uart.o
    0x080035c2   0x00000002   PAD
    0x080035c4   0x000002fc   Code   RO         3558    i.Hardware_Testing_App  plog_app.o
    0x080038c0   0x00000038   Code   RO         3290    i.LedCtr            led.o
    0x080038f8   0x00000012   Code   RO         3292    i.LedSetStatus      led.o
    0x0800390a   0x00000002   PAD
    0x0800390c   0x00000110   Code   RO         3148    i.MX_ADC_Init       adc.o
    0x08003a1c   0x0000008c   Code   RO         3050    i.MX_DMA_Init       dma.o
    0x08003aa8   0x00000158   Code   RO         2941    i.MX_GPIO_Init      gpio.o
    0x08003c00   0x000000b8   Code   RO         3106    i.MX_RTC_Init       rtc.o
    0x08003cb8   0x00000074   Code   RO         2782    i.MX_TIM3_Init      tim.o
    0x08003d2c   0x0000004c   Code   RO         2862    i.MX_USART1_UART_Init  usart.o
    0x08003d78   0x0000004c   Code   RO         2863    i.MX_USART2_UART_Init  usart.o
    0x08003dc4   0x0000004c   Code   RO         2864    i.MX_USART3_UART_Init  usart.o
    0x08003e10   0x00000020   Code   RO          732    i.NVIC_SetPriority  stm32l1xx_hal_cortex.o
    0x08003e30   0x00000080   Code   RO          621    i.RCC_SetFlashLatencyFromMSIRange  stm32l1xx_hal_rcc.o
    0x08003eb0   0x00000012   Code   RO         2469    i.RTC_Bcd2ToByte    stm32l1xx_hal_rtc.o
    0x08003ec2   0x00000016   Code   RO         2470    i.RTC_ByteToBcd2    stm32l1xx_hal_rtc.o
    0x08003ed8   0x0000003a   Code   RO         2471    i.RTC_EnterInitMode  stm32l1xx_hal_rtc.o
    0x08003f12   0x00000002   PAD
    0x08003f14   0x00000044   Code   RO         3196    i.RTC_WKUP_IRQHandler  stm32l1xx_it.o
    0x08003f58   0x0000007c   Code   RO         3415    i.SIM_AT_Sync       bgs2_hal_dv.o
    0x08003fd4   0x000000b4   Code   RO         3342    i.SIM_Check_Account  bgs2_hal_app.o
    0x08004088   0x0000019c   Code   RO         3416    i.SIM_Check_Service  bgs2_hal_dv.o
    0x08004224   0x00000338   Code   RO         3417    i.SIM_Gprs_On       bgs2_hal_dv.o
    0x0800455c   0x000000a0   Code   RO         3418    i.SIM_Reset         bgs2_hal_dv.o
    0x080045fc   0x00000098   Code   RO         3419    i.SIM_Startup       bgs2_hal_dv.o
    0x08004694   0x00000108   Code   RO         3420    i.SIM_sendATcommand  bgs2_hal_dv.o
    0x0800479c   0x0000000e   Code   RO         3197    i.SysTick_Handler   stm32l1xx_it.o
    0x080047aa   0x00000002   PAD
    0x080047ac   0x000000b0   Code   RO         2965    i.SystemClock_Config  main.o
    0x0800485c   0x00000050   Code   RO         2742    i.SystemInit        system_stm32l1xx.o
    0x080048ac   0x0000000c   Code   RO         3198    i.TIM3_IRQHandler   stm32l1xx_it.o
    0x080048b8   0x0000007c   Code   RO         1597    i.TIM_Base_SetConfig  stm32l1xx_hal_tim.o
    0x08004934   0x00000014   Code   RO         1604    i.TIM_ETR_SetConfig  stm32l1xx_hal_tim.o
    0x08004948   0x00000010   Code   RO         1605    i.TIM_ITRx_SetConfig  stm32l1xx_hal_tim.o
    0x08004958   0x00000022   Code   RO         1611    i.TIM_TI1_ConfigInputStage  stm32l1xx_hal_tim.o
    0x0800497a   0x00000024   Code   RO         1613    i.TIM_TI2_ConfigInputStage  stm32l1xx_hal_tim.o
    0x0800499e   0x0000001e   Code   RO         1168    i.UART_DMAError     stm32l1xx_hal_uart.o
    0x080049bc   0x00000036   Code   RO         1169    i.UART_DMAReceiveCplt  stm32l1xx_hal_uart.o
    0x080049f2   0x0000000a   Code   RO         1170    i.UART_DMARxHalfCplt  stm32l1xx_hal_uart.o
    0x080049fc   0x000000a8   Code   RO         1173    i.UART_Receive_IT   stm32l1xx_hal_uart.o
    0x08004aa4   0x000002a0   Code   RO         1174    i.UART_SetConfig    stm32l1xx_hal_uart.o
    0x08004d44   0x00000066   Code   RO         1175    i.UART_Transmit_IT  stm32l1xx_hal_uart.o
    0x08004daa   0x00000092   Code   RO         1176    i.UART_WaitOnFlagUntilTimeout  stm32l1xx_hal_uart.o
    0x08004e3c   0x0000000c   Code   RO         3199    i.USART1_IRQHandler  stm32l1xx_it.o
    0x08004e48   0x0000000c   Code   RO         3200    i.USART2_IRQHandler  stm32l1xx_it.o
    0x08004e54   0x0000000c   Code   RO         3201    i.USART3_IRQHandler  stm32l1xx_it.o
    0x08004e60   0x0000046c   Code   RO         3528    i.User_Config       device_user_config_app.o
    0x080052cc   0x00000080   Code   RO         2966    i._Error_Handler    main.o
    0x0800534c   0x00000020   Code   RO         3959    i.__0printf         mc_w.l(printfa.o)
    0x0800536c   0x00000028   Code   RO         3960    i.__0snprintf       mc_w.l(printfa.o)
    0x08005394   0x0000000e   Code   RO         4042    i.__scatterload_copy  mc_w.l(handlers.o)
    0x080053a2   0x00000002   Code   RO         4043    i.__scatterload_null  mc_w.l(handlers.o)
    0x080053a4   0x0000000e   Code   RO         4044    i.__scatterload_zeroinit  mc_w.l(handlers.o)
    0x080053b2   0x00000002   PAD
    0x080053b4   0x00000164   Code   RO         3966    i._fp_digits        mc_w.l(printfa.o)
    0x08005518   0x000006dc   Code   RO         3967    i._printf_core      mc_w.l(printfa.o)
    0x08005bf4   0x00000024   Code   RO         3968    i._printf_post_padding  mc_w.l(printfa.o)
    0x08005c18   0x0000002e   Code   RO         3969    i._printf_pre_padding  mc_w.l(printfa.o)
    0x08005c46   0x00000016   Code   RO         3970    i._snputc           mc_w.l(printfa.o)
    0x08005c5c   0x00000058   Code   RO         3620    i.enter_stanby_mode  pwr_standby_rtc_wkup.o
    0x08005cb4   0x00000018   Code   RO         2865    i.fputc             usart.o
    0x08005ccc   0x00000360   Code   RO         2967    i.main              main.o
    0x0800602c   0x00000340   Code   RO         3348    i.modem_send_http_request  bgs2_hal_app.o
    0x0800636c   0x00000004   Code   RO         3711    i.putc              mc_w.l(putc.o)
    0x08006370   0x00000038   Code   RO         3421    i.user_strcmp       bgs2_hal_dv.o
    0x080063a8   0x00000019   Data   RO         2743    .constdata          system_stm32l1xx.o
    0x080063c1   0x00000008   Data   RO         2744    .constdata          system_stm32l1xx.o
    0x080063c9   0x00000003   PAD
    0x080063cc   0x0000001d   Data   RO         3349    .constdata          bgs2_hal_app.o
    0x080063e9   0x00000003   PAD
    0x080063ec   0x00000042   Data   RO         3529    .conststring        device_user_config_app.o
    0x0800642e   0x00000002   PAD
    0x08006430   0x00000158   Data   RO         3560    .conststring        plog_app.o
    0x08006588   0x00000020   Data   RO         4040    Region$$Table       anon$$obj.o


    Execution Region RW_IRAM1 (Base: 0x20000000, Size: 0x00000c80, Max: 0x00008000, ABSOLUTE)

    Base Addr    Size         Type   Attr      Idx    E Section Name        Object

    0x20000000   0x00000004   Data   RW         1395    .data               stm32l1xx_hal.o
    0x20000004   0x00000004   Data   RW         2745    .data               system_stm32l1xx.o
    0x20000008   0x00000004   Data   RW         2784    .data               tim.o
    0x2000000c   0x00000003   Data   RW         2868    .data               usart.o
    0x2000000f   0x00000001   Data   RW         2969    .data               main.o
    0x20000010   0x00000018   Data   RW         3295    .data               led.o
    0x20000028   0x00000008   Data   RW         3425    .data               bgs2_hal_dv.o
    0x20000030   0x00000001   Data   RW         3429    .data               bgs2_hal_dv.o
    0x20000031   0x00000001   Data   RW         3432    .data               bgs2_hal_dv.o
    0x20000032   0x00000002   PAD
    0x20000034   0x00000004   Data   RW         3713    .data               mc_w.l(stdout.o)
    0x20000038   0x00000038   Zero   RW         2783    .bss                tim.o
    0x20000070   0x000002bc   Zero   RW         2866    .bss                usart.o
    0x2000032c   0x00000010   Zero   RW         2968    .bss                main.o
    0x2000033c   0x00000020   Zero   RW         3107    .bss                rtc.o
    0x2000035c   0x0000000e   Zero   RW         3149    .bss                adc.o
    0x2000036a   0x00000002   PAD
    0x2000036c   0x00000098   Zero   RW         3150    .bss                adc.o
    0x20000404   0x00000014   Zero   RW         3293    .bss                led.o
    0x20000418   0x00000064   Zero   RW         3422    .bss                bgs2_hal_dv.o
    0x2000047c   0x00000400   Zero   RW         3423    .bss                bgs2_hal_dv.o
    0x2000087c   0x00000004   PAD
    0x20000880   0x00000400   Zero   RW            1    STACK               startup_stm32l152xc.o


==============================================================================

Image component sizes


      Code (inc. data)   RO Data    RW Data    ZI Data      Debug   Object Name

       448         70          0          0        166       1944   adc.o
       520         24          0          0          0       3521   am2301_hal.o
      1012        466         29          0          0       1818   bgs2_hal_app.o
      1992        964          0         10       1124       6026   bgs2_hal_dv.o
      1132        712         66          0          0       1026   device_user_config_app.o
       140          4          0          0          0        846   dma.o
        68         10          0          0          0        565   dwt_stm32_delay.o
       344         26          0          0          0       1115   gpio.o
       158         14          0         24         20       3135   led.o
      1168        558          0          1         16       4939   main.o
      2364       1394        344          0          0       3548   plog_app.o
        88         16          0          0          0        580   pwr_standby_rtc_wkup.o
       224         34          0          0         32       1615   rtc.o
        36          8        292          0       1024        832   startup_stm32l152xc.o
       112         18          0          4          0       3791   stm32l1xx_hal.o
      1192         54          0          0          0       7314   stm32l1xx_hal_adc.o
       228         14          0          0          0      28945   stm32l1xx_hal_cortex.o
       454         12          0          0          0       3339   stm32l1xx_hal_dma.o
       424         32          0          0          0       3388   stm32l1xx_hal_gpio.o
       144          4          0          0          0        990   stm32l1xx_hal_msp.o
        32          8          0          0          0     453383   stm32l1xx_hal_pwr.o
        48          8          0          0          0       1105   stm32l1xx_hal_pwr_ex.o
      2716        114          0          0          0       7096   stm32l1xx_hal_rcc.o
       392         14          0          0          0       1468   stm32l1xx_hal_rcc_ex.o
       686         14          0          0          0       4803   stm32l1xx_hal_rtc.o
       502         12          0          0          0       5299   stm32l1xx_hal_rtc_ex.o
       852         24          0          0          0       9178   stm32l1xx_hal_tim.o
        80          0          0          0          0       1172   stm32l1xx_hal_tim_ex.o
      1840         20          0          0          0      10086   stm32l1xx_hal_uart.o
       214        116          0          0          0       6123   stm32l1xx_it.o
        80         18         33          4          0       1295   system_stm32l1xx.o
       208         42          0          4         56       2256   tim.o
      1092        198          0          3        700      29796   usart.o

    ----------------------------------------------------------------------
     21018       5022        804         52       3144     612337   Object Totals
         0          0         32          0          0          0   (incl. Generated)
        28          0          8          2          6          0   (incl. Padding)

    ----------------------------------------------------------------------

      Code (inc. data)   RO Data    RW Data    ZI Data      Debug   Library Member Name

         0          0          0          0          0          0   entry.o
         0          0          0          0          0          0   entry10a.o
         0          0          0          0          0          0   entry11a.o
         8          4          0          0          0          0   entry2.o
         4          0          0          0          0          0   entry5.o
         0          0          0          0          0          0   entry7b.o
         0          0          0          0          0          0   entry8b.o
         8          4          0          0          0          0   entry9a.o
        30          0          0          0          0          0   handlers.o
        36          8          0          0          0         68   init.o
         0          0          0          0          0          0   iusefp.o
        30          0          0          0          0         68   llshl.o
        36          0          0          0          0         68   llsshr.o
        32          0          0          0          0         68   llushr.o
        36          0          0          0          0         68   memcpya.o
        36          0          0          0          0        108   memseta.o
      2288         94          0          0          0        596   printfa.o
         4          0          0          0          0         68   putc.o
         0          0          0          4          0          0   stdout.o
        18          0          0          0          0         68   strcpy.o
        14          0          0          0          0         68   strlen.o
        36          0          0          0          0         80   strstr.o
        44          0          0          0          0         80   uidiv.o
        98          0          0          0          0         92   uldiv.o
        48          0          0          0          0         68   cdrcmple.o
       334          0          0          0          0        148   dadd.o
       222          0          0          0          0        100   ddiv.o
       186          0          0          0          0        176   depilogue.o
        50          0          0          0          0         76   dfixui.o
        48          0          0          0          0         68   dfixul.o
        26          0          0          0          0         76   dfltui.o
       228          0          0          0          0         96   dmul.o
        38          0          0          0          0         68   f2d.o
       124          0          0          0          0         88   fdiv.o
       110          0          0          0          0        168   fepilogue.o
        18          0          0          0          0         68   fflti.o
        10          0          0          0          0         68   ffltui.o

    ----------------------------------------------------------------------
      4202        110          0          4          0       2768   Library Totals
         2          0          0          0          0          0   (incl. Padding)

    ----------------------------------------------------------------------

      Code (inc. data)   RO Data    RW Data    ZI Data      Debug   Library Name

      2758        110          0          4          0       1500   mc_w.l
      1442          0          0          0          0       1268   mf_w.l

    ----------------------------------------------------------------------
      4202        110          0          4          0       2768   Library Totals

    ----------------------------------------------------------------------

==============================================================================


      Code (inc. data)   RO Data    RW Data    ZI Data      Debug   

     25220       5132        804         56       3144     606521   Grand Totals
     25220       5132        804         56       3144     606521   ELF Image Totals
     25220       5132        804         56          0          0   ROM Totals

==============================================================================

    Total RO  Size (Code + RO Data)                26024 (  25.41kB)
    Total RW  Size (RW Data + ZI Data)              3200 (   3.13kB)
    Total ROM Size (Code + RO Data + RW Data)      26080 (  25.47kB)

==============================================================================

